Component: ARM Compiler 5.05 update 1 (build 106) Tool: armlink [4d0efa]

==============================================================================

Section Cross References

    startup_stm32f10x_md.o(STACK) refers (Special) to heapauxi.o(.text) for __use_two_region_memory
    startup_stm32f10x_md.o(HEAP) refers (Special) to heapauxi.o(.text) for __use_two_region_memory
    startup_stm32f10x_md.o(RESET) refers (Special) to heapauxi.o(.text) for __use_two_region_memory
    startup_stm32f10x_md.o(RESET) refers to startup_stm32f10x_md.o(STACK) for __initial_sp
    startup_stm32f10x_md.o(RESET) refers to startup_stm32f10x_md.o(.text) for Reset_Handler
    startup_stm32f10x_md.o(RESET) refers to stm32f10x_it.o(.text) for NMI_Handler
    startup_stm32f10x_md.o(RESET) refers to control.o(.text) for TIM1_UP_IRQHandler
    startup_stm32f10x_md.o(RESET) refers to encoder.o(.text) for TIM2_IRQHandler
    startup_stm32f10x_md.o(RESET) refers to usart3.o(.text) for USART3_IRQHandler
    startup_stm32f10x_md.o(.text) refers (Special) to heapauxi.o(.text) for __use_two_region_memory
    startup_stm32f10x_md.o(.text) refers to __main.o(!!!main) for __main
    startup_stm32f10x_md.o(.text) refers to startup_stm32f10x_md.o(HEAP) for Heap_Mem
    startup_stm32f10x_md.o(.text) refers to startup_stm32f10x_md.o(STACK) for Stack_Mem
    minibalance.o(.text) refers to sys.o(.text) for Stm32_Clock_Init
    minibalance.o(.text) refers to delay.o(.text) for delay_init
    minibalance.o(.text) refers to led.o(.text) for LED_Init
    minibalance.o(.text) refers to key.o(.text) for KEY_Init
    minibalance.o(.text) refers to oled.o(.text) for OLED_Init
    minibalance.o(.text) refers to usart.o(.text) for uart_init
    minibalance.o(.text) refers to usart3.o(.text) for uart3_init
    minibalance.o(.text) refers to adc.o(.text) for Adc_Init
    minibalance.o(.text) refers to motor.o(.text) for MiniBalance_PWM_Init
    minibalance.o(.text) refers to encoder.o(.text) for Encoder_Init_TIM2
    minibalance.o(.text) refers to ioi2c.o(.text) for IIC_Init
    minibalance.o(.text) refers to mpu6050.o(.text) for MPU6050_initialize
    minibalance.o(.text) refers to timer.o(.text) for Timer1_Init
    minibalance.o(.text) refers to show.o(.text) for oled_show
    system_stm32f10x.o(.text) refers to system_stm32f10x.o(.data) for SystemCoreClock
    delay.o(.text) refers to delay.o(.data) for fac_us
    sys.o(.text) refers to sys.o(.emb_text) for WFI_SET
    usart.o(.text) refers (Special) to use_no_semi_2.o(.text) for __use_no_semihosting
    usart.o(.text) refers to fflt_clz.o(x$fpl$ffltu) for __aeabi_ui2f
    usart.o(.text) refers to fdiv.o(x$fpl$fdiv) for __aeabi_fdiv
    usart.o(.text) refers to ffixu.o(x$fpl$ffixu) for __aeabi_f2uiz
    usart.o(.text) refers to faddsub_clz.o(x$fpl$frsb) for __aeabi_frsub
    usart.o(.text) refers to fmul.o(x$fpl$fmul) for __aeabi_fmul
    usart.o(.text) refers to minibalance.o(.data) for Flag_Show
    usart.o(.data) refers (Special) to use_no_semi_2.o(.text) for __use_no_semihosting
    led.o(.text) refers to stm32f10x_rcc.o(.text) for RCC_APB2PeriphClockCmd
    led.o(.text) refers to stm32f10x_gpio.o(.text) for GPIO_Init
    key.o(.text) refers to stm32f10x_rcc.o(.text) for RCC_APB2PeriphClockCmd
    key.o(.text) refers to stm32f10x_gpio.o(.text) for GPIO_Init
    key.o(.text) refers to key.o(.data) for flag_key
    oled.o(.text) refers to stm32f10x_rcc.o(.text) for RCC_APB2PeriphClockCmd
    oled.o(.text) refers to stm32f10x_gpio.o(.text) for GPIO_Init
    oled.o(.text) refers to stm32f10x_pwr.o(.text) for PWR_BackupAccessCmd
    oled.o(.text) refers to stm32f10x_bkp.o(.text) for BKP_TamperPinCmd
    oled.o(.text) refers to delay.o(.text) for delay_ms
    oled.o(.text) refers to oled.o(.bss) for OLED_GRAM
    oled.o(.text) refers to oled.o(.constdata) for oled_asc2_1206
    usart3.o(.text) refers to stm32f10x_rcc.o(.text) for RCC_APB1PeriphClockCmd
    usart3.o(.text) refers to stm32f10x_gpio.o(.text) for GPIO_Init
    usart3.o(.text) refers to misc.o(.text) for NVIC_Init
    usart3.o(.text) refers to stm32f10x_usart.o(.text) for USART_Init
    usart3.o(.text) refers to usart3.o(.data) for uart_receive
    usart3.o(.text) refers to minibalance.o(.data) for Flag_Qian
    adc.o(.text) refers to stm32f10x_rcc.o(.text) for RCC_APB2PeriphClockCmd
    adc.o(.text) refers to stm32f10x_gpio.o(.text) for GPIO_Init
    adc.o(.text) refers to stm32f10x_adc.o(.text) for ADC_DeInit
    adc.o(.text) refers to dflt_clz.o(x$fpl$dfltu) for __aeabi_ui2d
    adc.o(.text) refers to dmul.o(x$fpl$dmul) for __aeabi_dmul
    adc.o(.text) refers to ddiv.o(x$fpl$ddiv) for __aeabi_ddiv
    adc.o(.text) refers to dfix.o(x$fpl$dfix) for __aeabi_d2iz
    timer.o(.text) refers to stm32f10x_rcc.o(.text) for RCC_APB2PeriphClockCmd
    timer.o(.text) refers to stm32f10x_tim.o(.text) for TIM_TimeBaseInit
    timer.o(.text) refers to misc.o(.text) for NVIC_Init
[...]
    _mutex_acquire                            - Undefined Weak Reference
    _mutex_release                            - Undefined Weak Reference
    _printf_post_padding                      - Undefined Weak Reference
    _printf_pre_padding                       - Undefined Weak Reference
    _printf_truncate_signed                   - Undefined Weak Reference
    _printf_truncate_unsigned                 - Undefined Weak Reference
    _rand_init                                - Undefined Weak Reference
    _signal_finish                            - Undefined Weak Reference
    _signal_init                              - Undefined Weak Reference
    _terminate_alloc                          - Undefined Weak Reference
    _terminate_user_alloc                     - Undefined Weak Reference
    _terminateio                              - Undefined Weak Reference
    __Vectors_Size                           0x000000ec   Number         0  startup_stm32f10x_md.o ABSOLUTE
    __Vectors                                0x08000000   Data           4  startup_stm32f10x_md.o(RESET)
    __Vectors_End                            0x080000ec   Data           0  startup_stm32f10x_md.o(RESET)
    __main                                   0x080000ed   Thumb Code     8  __main.o(!!!main)
    __scatterload                            0x080000f5   Thumb Code     0  __scatter.o(!!!scatter)
    __scatterload_rt2                        0x080000f5   Thumb Code    44  __scatter.o(!!!scatter)
    __scatterload_rt2_thumb_only             0x080000f5   Thumb Code     0  __scatter.o(!!!scatter)
    __scatterload_null                       0x08000103   Thumb Code     0  __scatter.o(!!!scatter)
    __decompress                             0x08000129   Thumb Code    58  __dczerorl.o(!!dczerorl)
    __decompress0                            0x08000129   Thumb Code     0  __dczerorl.o(!!dczerorl)
    __scatterload_zeroinit                   0x08000165   Thumb Code    28  __scatter_zi.o(!!handler_zi)
    _printf_d                                0x08000181   Thumb Code     0  _printf_d.o(.ARM.Collect$$_printf_percent$$00000009)
    _printf_percent                          0x08000181   Thumb Code     0  _printf_percent.o(.ARM.Collect$$_printf_percent$$00000000)
    _printf_percent_end                      0x08000187   Thumb Code     0  _printf_percent_end.o(.ARM.Collect$$_printf_percent$$00000017)
    __rt_lib_init                            0x0800018b   Thumb Code     0  libinit.o(.ARM.Collect$$libinit$$00000000)
    __rt_lib_init_alloca_1                   0x0800018d   Thumb Code     0  libinit2.o(.ARM.Collect$$libinit$$0000002E)
    __rt_lib_init_argv_1                     0x0800018d   Thumb Code     0  libinit2.o(.ARM.Collect$$libinit$$0000002C)
    __rt_lib_init_atexit_1                   0x0800018d   Thumb Code     0  libinit2.o(.ARM.Collect$$libinit$$0000001B)
    __rt_lib_init_clock_1                    0x0800018d   Thumb Code     0  libinit2.o(.ARM.Collect$$libinit$$00000021)
    __rt_lib_init_cpp_1                      0x0800018d   Thumb Code     0  libinit2.o(.ARM.Collect$$libinit$$00000032)
    __rt_lib_init_exceptions_1               0x0800018d   Thumb Code     0  libinit2.o(.ARM.Collect$$libinit$$00000030)
    __rt_lib_init_fp_1                       0x0800018d   Thumb Code     0  libinit2.o(.ARM.Collect$$libinit$$00000002)
    __rt_lib_init_fp_trap_1                  0x0800018d   Thumb Code     0  libinit2.o(.ARM.Collect$$libinit$$0000001F)
    __rt_lib_init_getenv_1                   0x0800018d   Thumb Code     0  libinit2.o(.ARM.Collect$$libinit$$00000023)
    __rt_lib_init_heap_1                     0x0800018d   Thumb Code     0  libinit2.o(.ARM.Collect$$libinit$$0000000A)
    __rt_lib_init_lc_collate_1               0x0800018d   Thumb Code     0  libinit2.o(.ARM.Collect$$libinit$$00000011)
    __rt_lib_init_lc_ctype_1                 0x0800018d   Thumb Code     0  libinit2.o(.ARM.Collect$$libinit$$00000013)
    __rt_lib_init_lc_monetary_1              0x0800018d   Thumb Code     0  libinit2.o(.ARM.Collect$$libinit$$00000015)
    __rt_lib_init_lc_numeric_1               0x0800018d   Thumb Code     0  libinit2.o(.ARM.Collect$$libinit$$00000017)
    __rt_lib_init_lc_time_1                  0x0800018d   Thumb Code     0  libinit2.o(.ARM.Collect$$libinit$$00000019)
    __rt_lib_init_preinit_1                  0x0800018d   Thumb Code     0  libinit2.o(.ARM.Collect$$libinit$$00000004)
    __rt_lib_init_rand_1                     0x0800018d   Thumb Code     0  libinit2.o(.ARM.Collect$$libinit$$0000000E)
    __rt_lib_init_return                     0x0800018d   Thumb Code     0  libinit2.o(.ARM.Collect$$libinit$$00000033)
    __rt_lib_init_signal_1                   0x0800018d   Thumb Code     0  libinit2.o(.ARM.Collect$$libinit$$0000001D)
    __rt_lib_init_stdio_1                    0x0800018d   Thumb Code     0  libinit2.o(.ARM.Collect$$libinit$$00000025)
    __rt_lib_init_user_alloc_1               0x0800018d   Thumb Code     0  libinit2.o(.ARM.Collect$$libinit$$0000000C)
    __rt_lib_shutdown                        0x0800018f   Thumb Code     0  libshutdown.o(.ARM.Collect$$libshutdown$$00000000)
    __rt_lib_shutdown_fp_trap_1              0x08000191   Thumb Code     0  libshutdown2.o(.ARM.Collect$$libshutdown$$00000006)
    __rt_lib_shutdown_heap_1                 0x08000191   Thumb Code     0  libshutdown2.o(.ARM.Collect$$libshutdown$$0000000E)
    __rt_lib_shutdown_return                 0x08000191   Thumb Code     0  libshutdown2.o(.ARM.Collect$$libshutdown$$0000000F)
    __rt_lib_shutdown_signal_1               0x08000191   Thumb Code     0  libshutdown2.o(.ARM.Collect$$libshutdown$$00000009)
    __rt_lib_shutdown_stdio_1                0x08000191   Thumb Code     0  libshutdown2.o(.ARM.Collect$$libshutdown$$00000003)
    __rt_lib_shutdown_user_alloc_1           0x08000191   Thumb Code     0  libshutdown2.o(.ARM.Collect$$libshutdown$$0000000B)
    __rt_entry                               0x08000193   Thumb Code     0  __rtentry.o(.ARM.Collect$$rtentry$$00000000)
    __rt_entry_presh_1                       0x08000193   Thumb Code     0  __rtentry2.o(.ARM.Collect$$rtentry$$00000002)
    __rt_entry_sh                            0x08000193   Thumb Code     0  __rtentry4.o(.ARM.Collect$$rtentry$$00000004)
    __rt_entry_li                            0x08000199   Thumb Code     0  __rtentry2.o(.ARM.Collect$$rtentry$$0000000A)
    __rt_entry_postsh_1                      0x08000199   Thumb Code     0  __rtentry2.o(.ARM.Collect$$rtentry$$00000009)
    __rt_entry_main                          0x0800019d   Thumb Code     0  __rtentry2.o(.ARM.Collect$$rtentry$$0000000D)
    __rt_entry_postli_1                      0x0800019d   Thumb Code     0  __rtentry2.o(.ARM.Collect$$rtentry$$0000000C)
    __rt_exit                                0x080001a5   Thumb Code     0  rtexit.o(.ARM.Collect$$rtexit$$00000000)
    __rt_exit_ls                             0x080001a7   Thumb Code     0  rtexit2.o(.ARM.Collect$$rtexit$$00000003)
    __rt_exit_prels_1                        0x080001a7   Thumb Code     0  rtexit2.o(.ARM.Collect$$rtexit$$00000002)
    __rt_exit_exit                           0x080001ab   Thumb Code     0  rtexit2.o(.ARM.Collect$$rtexit$$00000004)
    WFI_SET                                  0x080001b1   Thumb Code     2  sys.o(.emb_text)
    INTX_DISABLE                             0x080001b3   Thumb Code     2  sys.o(.emb_text)
    INTX_ENABLE                              0x080001b5   Thumb Code     2  sys.o(.emb_text)
    MSR_MSP                                  0x080001b7   Thumb Code     6  sys.o(.emb_text)
    Reset_Handler                            0x080001bd   Thumb Code     4  startup_stm32f10x_md.o(.text)
    ADC1_2_IRQHandler                        0x080001d3   Thumb Code     0  startup_stm32f10x_md.o(.text)
    CAN1_RX1_IRQHandler                      0x080001d3   Thumb Code     0  startup_stm32f10x_md.o(.text)
    CAN1_SCE_IRQHandler                      0x080001d3   Thumb Code     0  startup_stm32f10x_md.o(.text)
    DMA1_Channel1_IRQHandler                 0x080001d3   Thumb Code     0  startup_stm32f10x_md.o(.text)
    DMA1_Channel2_IRQHandler                 0x080001d3   Thumb Code     0  startup_stm32f10x_md.o(.text)
    DMA1_Channel3_IRQHandler                 0x080001d3   Thumb Code     0  startup_stm32f10x_md.o(.text)
    DMA1_Channel4_IRQHandler                 0x080001d3   Thumb Code     0  startup_stm32f10x_md.o(.text)
    DMA1_Channel5_IRQHandler                 0x080001d3   Thumb Code     0  startup_stm32f10x_md.o(.text)
    DMA1_Channel6_IRQHandler                 0x080001d3   Thumb Code     0  startup_stm32f10x_md.o(.text)
    DMA1_Channel7_IRQHandler                 0x080001d3   Thumb Code     0  startup_stm32f10x_md.o(.text)
    EXTI0_IRQHandler                         0x080001d3   Thumb Code     0  startup_stm32f10x_md.o(.text)
    EXTI15_10_IRQHandler                     0x080001d3   Thumb Code     0  startup_stm32f10x_md.o(.text)
    EXTI1_IRQHandler                         0x080001d3   Thumb Code     0  startup_stm32f10x_md.o(.text)
    EXTI2_IRQHandler                         0x080001d3   Thumb Code     0  startup_stm32f10x_md.o(.text)
    EXTI3_IRQHandler                         0x080001d3   Thumb Code     0  startup_stm32f10x_md.o(.text)
    EXTI4_IRQHandler                         0x080001d3   Thumb Code     0  startup_stm32f10x_md.o(.text)
    EXTI9_5_IRQHandler                       0x080001d3   Thumb Code     0  startup_stm32f10x_md.o(.text)
    FLASH_IRQHandler                         0x080001d3   Thumb Code     0  startup_stm32f10x_md.o(.text)
    I2C1_ER_IRQHandler                       0x080001d3   Thumb Code     0  startup_stm32f10x_md.o(.text)
    I2C1_EV_IRQHandler                       0x080001d3   Thumb Code     0  startup_stm32f10x_md.o(.text)
    I2C2_ER_IRQHandler                       0x080001d3   Thumb Code     0  startup_stm32f10x_md.o(.text)
    I2C2_EV_IRQHandler                       0x080001d3   Thumb Code     0  startup_stm32f10x_md.o(.text)
    PVD_IRQHandler                           0x080001d3   Thumb Code     0  startup_stm32f10x_md.o(.text)
    RCC_IRQHandler                           0x080001d3   Thumb Code     0  startup_stm32f10x_md.o(.text)
    RTCAlarm_IRQHandler                      0x080001d3   Thumb Code     0  startup_stm32f10x_md.o(.text)
    RTC_IRQHandler                           0x080001d3   Thumb Code     0  startup_stm32f10x_md.o(.text)
    SPI1_IRQHandler                          0x080001d3   Thumb Code     0  startup_stm32f10x_md.o(.text)
    SPI2_IRQHandler                          0x080001d3   Thumb Code     0  startup_stm32f10x_md.o(.text)
    TAMPER_IRQHandler                        0x080001d3   Thumb Code     0  startup_stm32f10x_md.o(.text)
    TIM1_BRK_IRQHandler                      0x080001d3   Thumb Code     0  startup_stm32f10x_md.o(.text)
    TIM1_CC_IRQHandler                       0x080001d3   Thumb Code     0  startup_stm32f10x_md.o(.text)
    TIM1_TRG_COM_IRQHandler                  0x080001d3   Thumb Code     0  startup_stm32f10x_md.o(.text)
    TIM3_IRQHandler                          0x080001d3   Thumb Code     0  startup_stm32f10x_md.o(.text)
    USART1_IRQHandler                        0x080001d3   Thumb Code     0  startup_stm32f10x_md.o(.text)
    USART2_IRQHandler                        0x080001d3   Thumb Code     0  startup_stm32f10x_md.o(.text)
    USBWakeUp_IRQHandler                     0x080001d3   Thumb Code     0  startup_stm32f10x_md.o(.text)
    USB_HP_CAN1_TX_IRQHandler                0x080001d3   Thumb Code     0  startup_stm32f10x_md.o(.text)
    USB_LP_CAN1_RX0_IRQHandler               0x080001d3   Thumb Code     0  startup_stm32f10x_md.o(.text)
    WWDG_IRQHandler                          0x080001d3   Thumb Code     0  startup_stm32f10x_md.o(.text)
    __user_initial_stackheap                 0x080001d5   Thumb Code     0  startup_stm32f10x_md.o(.text)
    main                                     0x080001f5   Thumb Code   126  minibalance.o(.text)
    NMI_Handler                              0x08000279   Thumb Code     2  stm32f10x_it.o(.text)
    HardFault_Handler                        0x0800027b   Thumb Code     4  stm32f10x_it.o(.text)
    MemManage_Handler                        0x0800027f   Thumb Code     4  stm32f10x_it.o(.text)
    BusFault_Handler                         0x08000283   Thumb Code     4  stm32f10x_it.o(.text)
    UsageFault_Handler                       0x08000287   Thumb Code     4  stm32f10x_it.o(.text)
    SVC_Handler                              0x0800028b   Thumb Code     2  stm32f10x_it.o(.text)
    DebugMon_Handler                         0x0800028d   Thumb Code     2  stm32f10x_it.o(.text)
    PendSV_Handler                           0x0800028f   Thumb Code     2  stm32f10x_it.o(.text)
    SysTick_Handler                          0x08000291   Thumb Code     2  stm32f10x_it.o(.text)
    delay_init                               0x08000295   Thumb Code    56  delay.o(.text)
    delay_us                                 0x080002cd   Thumb Code    56  delay.o(.text)
    delay_ms                                 0x08000305   Thumb Code    56  delay.o(.text)
    MY_NVIC_SetVectorTable                   0x08000345   Thumb Code    12  sys.o(.text)
    MY_NVIC_PriorityGroupConfig              0x08000351   Thumb Code    36  sys.o(.text)
    MY_NVIC_Init                             0x08000375   Thumb Code   116  sys.o(.text)
    Ex_NVIC_Config                           0x080003e9   Thumb Code   146  sys.o(.text)
    MYRCC_DeInit                             0x0800047b   Thumb Code    90  sys.o(.text)
    Sys_Standby                              0x080004d5   Thumb Code    68  sys.o(.text)
    Sys_Soft_Reset                           0x08000519   Thumb Code    12  sys.o(.text)
    JTAG_Set                                 0x08000525   Thumb Code    42  sys.o(.text)
    Stm32_Clock_Init                         0x0800054f   Thumb Code   134  sys.o(.text)
    _sys_exit                                0x08000601   Thumb Code     6  usart.o(.text)
    fputc                                    0x08000607   Thumb Code    56  usart.o(.text)
    uart_init                                0x0800063f   Thumb Code   182  usart.o(.text)
    LED_Init                                 0x0800070d   Thumb Code    50  led.o(.text)
    LED_Flash                                0x0800073f   Thumb Code    14  led.o(.text)
    KEY_Init                                 0x08000759   Thumb Code    40  key.o(.text)
    click_N_Double                           0x08000781   Thumb Code   132  key.o(.text)
    click                                    0x08000805   Thumb Code    38  key.o(.text)
    OLED_WR_Byte                             0x08000849   Thumb Code    78  oled.o(.text)
    OLED_Refresh_Gram                        0x08000897   Thumb Code    70  oled.o(.text)
    OLED_Display_On                          0x080008dd   Thumb Code    28  oled.o(.text)
    OLED_Display_Off                         0x080008f9   Thumb Code    28  oled.o(.text)
    OLED_Clear                               0x08000915   Thumb Code    42  oled.o(.text)
    OLED_DrawPoint                           0x0800093f   Thumb Code   100  oled.o(.text)
    OLED_ShowChar                            0x080009a3   Thumb Code   158  oled.o(.text)
    oled_pow                                 0x08000a41   Thumb Code    22  oled.o(.text)
    OLED_ShowNumber                          0x08000a57   Thumb Code   148  oled.o(.text)
    OLED_ShowString                          0x08000aeb   Thumb Code    68  oled.o(.text)
    OLED_Init                                0x08000b2f   Thumb Code   360  oled.o(.text)
    uart3_init                               0x08000c99   Thumb Code   158  usart3.o(.text)
    USART3_IRQHandler                        0x08000d37   Thumb Code   164  usart3.o(.text)
    Adc_Init                                 0x08000df9   Thumb Code   132  adc.o(.text)
    Get_Adc                                  0x08000e7d   Thumb Code    46  adc.o(.text)
    Get_battery_volt                         0x08000eab   Thumb Code    78  adc.o(.text)
    Timer1_Init                              0x08000f11   Thumb Code   100  timer.o(.text)
    MiniBalance_Motor_Init                   0x08000f79   Thumb Code    40  motor.o(.text)
    MiniBalance_PWM_Init                     0x08000fa1   Thumb Code   162  motor.o(.text)
    Encoder_Init_TIM2                        0x0800104d   Thumb Code   154  encoder.o(.text)
    Encoder_Init_TIM4                        0x080010e7   Thumb Code   148  encoder.o(.text)
    Read_Encoder                             0x0800117b   Thumb Code    56  encoder.o(.text)
    TIM4_IRQHandler                          0x080011b3   Thumb Code    24  encoder.o(.text)
    TIM2_IRQHandler                          0x080011cb   Thumb Code    24  encoder.o(.text)
    IIC_Init                                 0x080011f1   Thumb Code    40  ioi2c.o(.text)
    IIC_Start                                0x08001219   Thumb Code    96  ioi2c.o(.text)
    IIC_Stop                                 0x08001279   Thumb Code    68  ioi2c.o(.text)
    IIC_Wait_Ack                             0x080012bd   Thumb Code    96  ioi2c.o(.text)
    IIC_Ack                                  0x0800131d   Thumb Code    72  ioi2c.o(.text)
    IIC_NAck                                 0x08001365   Thumb Code    70  ioi2c.o(.text)
    IIC_Send_Byte                            0x080013ab   Thumb Code    94  ioi2c.o(.text)
    i2cWrite                                 0x08001409   Thumb Code    96  ioi2c.o(.text)
    IIC_Read_Byte                            0x08001469   Thumb Code   104  ioi2c.o(.text)
    i2cRead                                  0x080014d1   Thumb Code   118  ioi2c.o(.text)
    I2C_ReadOneByte                          0x08001547   Thumb Code    70  ioi2c.o(.text)
    IICreadBytes                             0x0800158d   Thumb Code   112  ioi2c.o(.text)
    IICwriteBytes                            0x080015fd   Thumb Code    70  ioi2c.o(.text)
    IICreadByte                              0x08001643   Thumb Code    22  ioi2c.o(.text)
    IICwriteByte                             0x08001659   Thumb Code    20  ioi2c.o(.text)
    IICwriteBits                             0x0800166d   Thumb Code   106  ioi2c.o(.text)
    IICwriteBit                              0x080016d7   Thumb Code    64  ioi2c.o(.text)
    myabs                                    0x08001719   Thumb Code    14  control.o(.text)
    Set_Pwm                                  0x08001727   Thumb Code   102  control.o(.text)
    Turn_Off                                 0x0800178d   Thumb Code    74  control.o(.text)
    Xianfu_Pwm                               0x080017d7   Thumb Code    62  control.o(.text)
    turn                                     0x08001815   Thumb Code   348  control.o(.text)
    velocity                                 0x08001971   Thumb Code   308  control.o(.text)
    balance                                  0x08001aa5   Thumb Code    62  control.o(.text)
    Get_Angle                                0x08001ae3   Thumb Code   524  control.o(.text)
    TIM1_UP_IRQHandler                       0x08001cef   Thumb Code   210  control.o(.text)
    Key                                      0x08001dc1   Thumb Code    40  control.o(.text)
    mpu_reg_dump                             0x08001ec7   Thumb Code    72  inv_mpu.o(.text)
    mpu_read_reg                             0x08001f0f   Thumb Code    66  inv_mpu.o(.text)
    mpu_set_int_latched                      0x08001f51   Thumb Code   102  inv_mpu.o(.text)
    mpu_set_sensors                          0x08001fb7   Thumb Code   202  inv_mpu.o(.text)
    mpu_set_bypass                           0x08002081   Thumb Code   328  inv_mpu.o(.text)
    mpu_reset_fifo                           0x080021c9   Thumb Code   444  inv_mpu.o(.text)
    mpu_configure_fifo                       0x08002385   Thumb Code   106  inv_mpu.o(.text)
    mpu_set_lpf                              0x080023ef   Thumb Code   126  inv_mpu.o(.text)
    mpu_lp_accel_mode                        0x0800246d   Thumb Code   218  inv_mpu.o(.text)
    mpu_set_sample_rate                      0x08002547   Thumb Code   152  inv_mpu.o(.text)
    mpu_set_accel_fsr                        0x080025df   Thumb Code   132  inv_mpu.o(.text)
    mpu_set_gyro_fsr                         0x08002663   Thumb Code   132  inv_mpu.o(.text)
    mpu_init                                 0x080026e7   Thumb Code   416  inv_mpu.o(.text)
    myget_ms                                 0x08002887   Thumb Code     2  inv_mpu.o(.text)
    mpu_get_gyro_reg                         0x08002889   Thumb Code   110  inv_mpu.o(.text)
    mpu_get_accel_reg                        0x080028f7   Thumb Code   110  inv_mpu.o(.text)
    mpu_get_temperature                      0x08002965   Thumb Code   150  inv_mpu.o(.text)
    mpu_set_accel_bias                       0x080029fb   Thumb Code   468  inv_mpu.o(.text)
    mpu_get_gyro_fsr                         0x08002bcf   Thumb Code    64  inv_mpu.o(.text)
    mpu_get_accel_fsr                        0x08002c0f   Thumb Code    72  inv_mpu.o(.text)
    mpu_get_lpf                              0x08002c57   Thumb Code    74  inv_mpu.o(.text)
    mpu_get_sample_rate                      0x08002ca1   Thumb Code    26  inv_mpu.o(.text)
    mpu_get_compass_sample_rate              0x08002cbb   Thumb Code    10  inv_mpu.o(.text)
    mpu_set_compass_sample_rate              0x08002cc5   Thumb Code     8  inv_mpu.o(.text)
    mpu_get_gyro_sens                        0x08002ccd   Thumb Code    58  inv_mpu.o(.text)
    mpu_get_accel_sens                       0x08002d07   Thumb Code    78  inv_mpu.o(.text)
    mpu_get_fifo_config                      0x08002d55   Thumb Code    12  inv_mpu.o(.text)
    mpu_get_power_state                      0x08002d61   Thumb Code    22  inv_mpu.o(.text)
    mpu_get_int_status                       0x08002d77   Thumb Code    64  inv_mpu.o(.text)
    mpu_read_fifo                            0x08002db7   Thumb Code   520  inv_mpu.o(.text)
    mpu_read_fifo_stream                     0x08002fbf   Thumb Code   186  inv_mpu.o(.text)
    mpu_set_int_level                        0x08003079   Thumb Code    12  inv_mpu.o(.text)
    mpu_set_dmp_state                        0x08003759   Thumb Code   138  inv_mpu.o(.text)
    mpu_run_self_test                        0x080037e3   Thumb Code   278  inv_mpu.o(.text)
    mpu_write_mem                            0x080038f9   Thumb Code   122  inv_mpu.o(.text)
    mpu_read_mem                             0x08003973   Thumb Code   122  inv_mpu.o(.text)
    mpu_load_firmware                        0x080039ed   Thumb Code   190  inv_mpu.o(.text)
    mpu_get_dmp_state                        0x08003aab   Thumb Code    14  inv_mpu.o(.text)
    mpu_get_compass_reg                      0x08003ab9   Thumb Code     8  inv_mpu.o(.text)
    mpu_get_compass_fsr                      0x08003ac1   Thumb Code     8  inv_mpu.o(.text)
    mpu_lp_motion_interrupt                  0x08003ac9   Thumb Code   512  inv_mpu.o(.text)
    dmp_load_motion_driver_firmware          0x08003ccd   Thumb Code    20  inv_mpu_dmp_motion_driver.o(.text)
    dmp_set_orientation                      0x08003ce1   Thumb Code   290  inv_mpu_dmp_motion_driver.o(.text)
    dmp_set_gxro_bias                        0x08003e03   Thumb Code   294  inv_mpu_dmp_motion_driver.o(.text)
    dmp_set_accel_bias                       0x08003f29   Thumb Code   300  inv_mpu_dmp_motion_driver.o(.text)
    dmp_set_fifo_rate                        0x08004055   Thumb Code   136  inv_mpu_dmp_motion_driver.o(.text)
    dmp_get_fifo_rate                        0x080040dd   Thumb Code    12  inv_mpu_dmp_motion_driver.o(.text)
    dmp_set_tap_thresh                       0x080040e9   Thumb Code   396  inv_mpu_dmp_motion_driver.o(.text)
    dmp_set_tap_axes                         0x08004275   Thumb Code    70  inv_mpu_dmp_motion_driver.o(.text)
    dmp_set_tap_count                        0x080042bb   Thumb Code    38  inv_mpu_dmp_motion_driver.o(.text)
    dmp_set_tap_time                         0x080042e1   Thumb Code    38  inv_mpu_dmp_motion_driver.o(.text)
    dmp_set_tap_time_multi                   0x08004307   Thumb Code    38  inv_mpu_dmp_motion_driver.o(.text)
    dmp_set_shake_reject_thresh              0x0800432d   Thumb Code    56  inv_mpu_dmp_motion_driver.o(.text)
    dmp_set_shake_reject_time                0x08004365   Thumb Code    38  inv_mpu_dmp_motion_driver.o(.text)
    dmp_set_shake_reject_timeout             0x0800438b   Thumb Code    38  inv_mpu_dmp_motion_driver.o(.text)
    dmp_get_pedometer_step_count             0x080043b1   Thumb Code    66  inv_mpu_dmp_motion_driver.o(.text)
    dmp_set_pedometer_step_count             0x080043f3   Thumb Code    42  inv_mpu_dmp_motion_driver.o(.text)
    dmp_get_pedometer_walk_time              0x0800441d   Thumb Code    72  inv_mpu_dmp_motion_driver.o(.text)
    dmp_set_pedometer_walk_time              0x08004465   Thumb Code    48  inv_mpu_dmp_motion_driver.o(.text)
    dmp_enable_6x_lp_quat                    0x08004495   Thumb Code    84  inv_mpu_dmp_motion_driver.o(.text)
    dmp_enable_lp_quat                       0x080044e9   Thumb Code    60  inv_mpu_dmp_motion_driver.o(.text)
    dmp_enable_gyro_cal                      0x08004525   Thumb Code    62  inv_mpu_dmp_motion_driver.o(.text)
    dmp_enable_feature                       0x08004563   Thumb Code   530  inv_mpu_dmp_motion_driver.o(.text)
    dmp_get_enabled_features                 0x08004775   Thumb Code    12  inv_mpu_dmp_motion_driver.o(.text)
    dmp_set_interrupt_mode                   0x080047df   Thumb Code    66  inv_mpu_dmp_motion_driver.o(.text)
    dmp_read_fifo                            0x08004821   Thumb Code   514  inv_mpu_dmp_motion_driver.o(.text)
    dmp_register_tap_cb                      0x08004a23   Thumb Code    10  inv_mpu_dmp_motion_driver.o(.text)
    dmp_register_android_orient_cb           0x08004a2d   Thumb Code    10  inv_mpu_dmp_motion_driver.o(.text)
    Kalman_Filter                            0x08004a3d   Thumb Code   558  filter.o(.text)
    MPU6050_newValues                        0x08004dc1   Thumb Code   494  mpu6050.o(.text)
    MPU6050_setClockSource                   0x08004faf   Thumb Code    20  mpu6050.o(.text)
    MPU6050_setFullScaleGyroRange            0x08004fc3   Thumb Code    20  mpu6050.o(.text)
    MPU6050_setFullScaleAccelRange           0x08004fd7   Thumb Code    20  mpu6050.o(.text)
    MPU6050_setSleepEnabled                  0x08004feb   Thumb Code    18  mpu6050.o(.text)
    MPU6050_getDeviceID                      0x08004ffd   Thumb Code    20  mpu6050.o(.text)
    MPU6050_testConnection                   0x08005011   Thumb Code    18  mpu6050.o(.text)
    MPU6050_setI2CMasterModeEnabled          0x08005023   Thumb Code    18  mpu6050.o(.text)
    MPU6050_setI2CBypassEnabled              0x08005035   Thumb Code    18  mpu6050.o(.text)
    MPU6050_initialize                       0x08005047   Thumb Code    40  mpu6050.o(.text)
    DMP_Init                                 0x0800506f   Thumb Code   194  mpu6050.o(.text)
    Read_DMP                                 0x08005131   Thumb Code   626  mpu6050.o(.text)
    Read_Temperature                         0x080053a3   Thumb Code   110  mpu6050.o(.text)
    oled_show                                0x08005435   Thumb Code   382  show.o(.text)
    NVIC_PriorityGroupConfig                 0x08005609   Thumb Code    10  misc.o(.text)
    NVIC_Init                                0x08005613   Thumb Code   100  misc.o(.text)
    NVIC_SetVectorTable                      0x08005677   Thumb Code    14  misc.o(.text)
    NVIC_SystemLPConfig                      0x08005685   Thumb Code    34  misc.o(.text)
    SysTick_CLKSourceConfig                  0x080056a7   Thumb Code    40  misc.o(.text)
    ADC_DeInit                               0x080056e5   Thumb Code    78  stm32f10x_adc.o(.text)
    ADC_Init                                 0x08005733   Thumb Code    70  stm32f10x_adc.o(.text)
    ADC_StructInit                           0x08005779   Thumb Code    18  stm32f10x_adc.o(.text)
    ADC_Cmd                                  0x0800578b   Thumb Code    22  stm32f10x_adc.o(.text)
    ADC_DMACmd                               0x080057a1   Thumb Code    22  stm32f10x_adc.o(.text)
    ADC_ITConfig                             0x080057b7   Thumb Code    24  stm32f10x_adc.o(.text)
    ADC_ResetCalibration                     0x080057cf   Thumb Code    10  stm32f10x_adc.o(.text)
    ADC_GetResetCalibrationStatus            0x080057d9   Thumb Code    20  stm32f10x_adc.o(.text)
    ADC_StartCalibration                     0x080057ed   Thumb Code    10  stm32f10x_adc.o(.text)
    ADC_GetCalibrationStatus                 0x080057f7   Thumb Code    20  stm32f10x_adc.o(.text)
    ADC_SoftwareStartConvCmd                 0x0800580b   Thumb Code    22  stm32f10x_adc.o(.text)
    ADC_GetSoftwareStartConvStatus           0x08005821   Thumb Code    20  stm32f10x_adc.o(.text)
    ADC_DiscModeChannelCountConfig           0x08005835   Thumb Code    24  stm32f10x_adc.o(.text)
    ADC_DiscModeCmd                          0x0800584d   Thumb Code    22  stm32f10x_adc.o(.text)
    ADC_RegularChannelConfig                 0x08005863   Thumb Code   184  stm32f10x_adc.o(.text)
    ADC_ExternalTrigConvCmd                  0x0800591b   Thumb Code    22  stm32f10x_adc.o(.text)
    ADC_GetConversionValue                   0x08005931   Thumb Code     8  stm32f10x_adc.o(.text)
    ADC_GetDualModeConversionValue           0x08005939   Thumb Code     8  stm32f10x_adc.o(.text)
    ADC_AutoInjectedConvCmd                  0x08005941   Thumb Code    22  stm32f10x_adc.o(.text)
    ADC_InjectedDiscModeCmd                  0x08005957   Thumb Code    22  stm32f10x_adc.o(.text)
    ADC_ExternalTrigInjectedConvConfig       0x0800596d   Thumb Code    16  stm32f10x_adc.o(.text)
    ADC_ExternalTrigInjectedConvCmd          0x0800597d   Thumb Code    22  stm32f10x_adc.o(.text)
    ADC_SoftwareStartInjectedConvCmd         0x08005993   Thumb Code    22  stm32f10x_adc.o(.text)
    ADC_GetSoftwareStartInjectedConvCmdStatus 0x080059a9   Thumb Code    20  stm32f10x_adc.o(.text)
    ADC_InjectedChannelConfig                0x080059bd   Thumb Code   130  stm32f10x_adc.o(.text)
    ADC_InjectedSequencerLengthConfig        0x08005a3f   Thumb Code    24  stm32f10x_adc.o(.text)
    ADC_SetInjectedOffset                    0x08005a57   Thumb Code    20  stm32f10x_adc.o(.text)
    ADC_GetInjectedConversionValue           0x08005a6b   Thumb Code    28  stm32f10x_adc.o(.text)
    ADC_AnalogWatchdogCmd                    0x08005a87   Thumb Code    16  stm32f10x_adc.o(.text)
    ADC_AnalogWatchdogThresholdsConfig       0x08005a97   Thumb Code     6  stm32f10x_adc.o(.text)
    ADC_AnalogWatchdogSingleChannelConfig    0x08005a9d   Thumb Code    16  stm32f10x_adc.o(.text)
    ADC_TempSensorVrefintCmd                 0x08005aad   Thumb Code    64  stm32f10x_adc.o(.text)
    ADC_GetFlagStatus                        0x08005aed   Thumb Code    18  stm32f10x_adc.o(.text)
    ADC_ClearFlag                            0x08005aff   Thumb Code     6  stm32f10x_adc.o(.text)
    ADC_GetITStatus                          0x08005b05   Thumb Code    36  stm32f10x_adc.o(.text)
    ADC_ClearITPendingBit                    0x08005b29   Thumb Code    10  stm32f10x_adc.o(.text)
    GPIO_DeInit                              0x08005b35   Thumb Code   172  stm32f10x_gpio.o(.text)
    GPIO_AFIODeInit                          0x08005be1   Thumb Code    20  stm32f10x_gpio.o(.text)
    GPIO_Init                                0x08005bf5   Thumb Code   278  stm32f10x_gpio.o(.text)
    GPIO_StructInit                          0x08005d0b   Thumb Code    16  stm32f10x_gpio.o(.text)
    GPIO_ReadInputDataBit                    0x08005d1b   Thumb Code    18  stm32f10x_gpio.o(.text)
    GPIO_ReadInputData                       0x08005d2d   Thumb Code     8  stm32f10x_gpio.o(.text)
    GPIO_ReadOutputDataBit                   0x08005d35   Thumb Code    18  stm32f10x_gpio.o(.text)
    GPIO_ReadOutputData                      0x08005d47   Thumb Code     8  stm32f10x_gpio.o(.text)
    GPIO_SetBits                             0x08005d4f   Thumb Code     4  stm32f10x_gpio.o(.text)
    GPIO_ResetBits                           0x08005d53   Thumb Code     4  stm32f10x_gpio.o(.text)
    GPIO_WriteBit                            0x08005d57   Thumb Code    10  stm32f10x_gpio.o(.text)
    GPIO_Write                               0x08005d61   Thumb Code     4  stm32f10x_gpio.o(.text)
    GPIO_PinLockConfig                       0x08005d65   Thumb Code    18  stm32f10x_gpio.o(.text)
    GPIO_EventOutputConfig                   0x08005d77   Thumb Code    26  stm32f10x_gpio.o(.text)
    GPIO_EventOutputCmd                      0x08005d91   Thumb Code     6  stm32f10x_gpio.o(.text)
    GPIO_PinRemapConfig                      0x08005d97   Thumb Code   138  stm32f10x_gpio.o(.text)
    GPIO_EXTILineConfig                      0x08005e21   Thumb Code    66  stm32f10x_gpio.o(.text)
    GPIO_ETH_MediaInterfaceConfig            0x08005e63   Thumb Code     8  stm32f10x_gpio.o(.text)
    PWR_DeInit                               0x08005e91   Thumb Code    22  stm32f10x_pwr.o(.text)
    PWR_BackupAccessCmd                      0x08005ea7   Thumb Code     6  stm32f10x_pwr.o(.text)
    PWR_PVDCmd                               0x08005ead   Thumb Code     6  stm32f10x_pwr.o(.text)
    PWR_PVDLevelConfig                       0x08005eb3   Thumb Code    18  stm32f10x_pwr.o(.text)
    PWR_WakeUpPinCmd                         0x08005ec5   Thumb Code     8  stm32f10x_pwr.o(.text)
    PWR_EnterSTOPMode                        0x08005ecd   Thumb Code    54  stm32f10x_pwr.o(.text)
    PWR_EnterSTANDBYMode                     0x08005f03   Thumb Code    42  stm32f10x_pwr.o(.text)
    PWR_GetFlagStatus                        0x08005f2d   Thumb Code    20  stm32f10x_pwr.o(.text)
    PWR_ClearFlag                            0x08005f41   Thumb Code    14  stm32f10x_pwr.o(.text)
    RCC_DeInit                               0x08005f5d   Thumb Code    64  stm32f10x_rcc.o(.text)
    RCC_HSEConfig                            0x08005f9d   Thumb Code    70  stm32f10x_rcc.o(.text)
    RCC_GetFlagStatus                        0x08005fe3   Thumb Code    56  stm32f10x_rcc.o(.text)
    RCC_WaitForHSEStartUp                    0x0800601b   Thumb Code    56  stm32f10x_rcc.o(.text)
    RCC_AdjustHSICalibrationValue            0x08006053   Thumb Code    20  stm32f10x_rcc.o(.text)
    RCC_HSICmd                               0x08006067   Thumb Code     6  stm32f10x_rcc.o(.text)
    RCC_PLLConfig                            0x0800606d   Thumb Code    24  stm32f10x_rcc.o(.text)
    RCC_PLLCmd                               0x08006085   Thumb Code     6  stm32f10x_rcc.o(.text)
    RCC_SYSCLKConfig                         0x0800608b   Thumb Code    18  stm32f10x_rcc.o(.text)
    RCC_GetSYSCLKSource                      0x0800609d   Thumb Code    10  stm32f10x_rcc.o(.text)
    RCC_HCLKConfig                           0x080060a7   Thumb Code    18  stm32f10x_rcc.o(.text)
    RCC_PCLK1Config                          0x080060b9   Thumb Code    18  stm32f10x_rcc.o(.text)
    RCC_PCLK2Config                          0x080060cb   Thumb Code    20  stm32f10x_rcc.o(.text)
    RCC_ITConfig                             0x080060df   Thumb Code    26  stm32f10x_rcc.o(.text)
    RCC_USBCLKConfig                         0x080060f9   Thumb Code     8  stm32f10x_rcc.o(.text)
    RCC_ADCCLKConfig                         0x08006101   Thumb Code    18  stm32f10x_rcc.o(.text)
    RCC_LSEConfig                            0x08006113   Thumb Code    50  stm32f10x_rcc.o(.text)
    RCC_LSICmd                               0x08006145   Thumb Code     6  stm32f10x_rcc.o(.text)
    RCC_RTCCLKConfig                         0x0800614b   Thumb Code    12  stm32f10x_rcc.o(.text)
    RCC_RTCCLKCmd                            0x08006157   Thumb Code     8  stm32f10x_rcc.o(.text)
    RCC_GetClocksFreq                        0x0800615f   Thumb Code   192  stm32f10x_rcc.o(.text)
    RCC_AHBPeriphClockCmd                    0x0800621f   Thumb Code    26  stm32f10x_rcc.o(.text)
    RCC_APB2PeriphClockCmd                   0x08006239   Thumb Code    26  stm32f10x_rcc.o(.text)
    RCC_APB1PeriphClockCmd                   0x08006253   Thumb Code    26  stm32f10x_rcc.o(.text)
    RCC_APB2PeriphResetCmd                   0x0800626d   Thumb Code    26  stm32f10x_rcc.o(.text)
    RCC_APB1PeriphResetCmd                   0x08006287   Thumb Code    26  stm32f10x_rcc.o(.text)
    RCC_BackupResetCmd                       0x080062a1   Thumb Code     8  stm32f10x_rcc.o(.text)
    RCC_ClockSecuritySystemCmd               0x080062a9   Thumb Code     6  stm32f10x_rcc.o(.text)
    RCC_MCOConfig                            0x080062af   Thumb Code     6  stm32f10x_rcc.o(.text)
    RCC_ClearFlag                            0x080062b5   Thumb Code    14  stm32f10x_rcc.o(.text)
    RCC_GetITStatus                          0x080062c3   Thumb Code    20  stm32f10x_rcc.o(.text)
    RCC_ClearITPendingBit                    0x080062d7   Thumb Code     6  stm32f10x_rcc.o(.text)
    TIM_DeInit                               0x08006301   Thumb Code   424  stm32f10x_tim.o(.text)
    TIM_TimeBaseInit                         0x080064a9   Thumb Code   122  stm32f10x_tim.o(.text)
    TIM_OC1Init                              0x08006523   Thumb Code   132  stm32f10x_tim.o(.text)
    TIM_OC2Init                              0x080065a7   Thumb Code   154  stm32f10x_tim.o(.text)
    TIM_OC3Init                              0x08006641   Thumb Code   150  stm32f10x_tim.o(.text)
    TIM_OC4Init                              0x080066d7   Thumb Code   182  stm32f10x_tim.o(.text)
    TIM_SetIC4Prescaler                      0x0800678d   Thumb Code    26  stm32f10x_tim.o(.text)
    TIM_SetIC3Prescaler                      0x08006829   Thumb Code    18  stm32f10x_tim.o(.text)
    TIM_SetIC2Prescaler                      0x080068b5   Thumb Code    26  stm32f10x_tim.o(.text)
    TIM_SetIC1Prescaler                      0x08006951   Thumb Code    18  stm32f10x_tim.o(.text)
    TIM_ICInit                               0x080069cf   Thumb Code   150  stm32f10x_tim.o(.text)
    TIM_PWMIConfig                           0x08006a65   Thumb Code   124  stm32f10x_tim.o(.text)
    TIM_BDTRConfig                           0x08006ae1   Thumb Code    32  stm32f10x_tim.o(.text)
    TIM_TimeBaseStructInit                   0x08006b01   Thumb Code    18  stm32f10x_tim.o(.text)
    TIM_OCStructInit                         0x08006b13   Thumb Code    20  stm32f10x_tim.o(.text)
    TIM_ICStructInit                         0x08006b27   Thumb Code    18  stm32f10x_tim.o(.text)
    TIM_BDTRStructInit                       0x08006b39   Thumb Code    40  stm32f10x_tim.o(.text)
    TIM_Cmd                                  0x08006b61   Thumb Code    24  stm32f10x_tim.o(.text)
    TIM_CtrlPWMOutputs                       0x08006b79   Thumb Code    30  stm32f10x_tim.o(.text)
    TIM_ITConfig                             0x08006b97   Thumb Code    18  stm32f10x_tim.o(.text)
    TIM_GenerateEvent                        0x08006ba9   Thumb Code     4  stm32f10x_tim.o(.text)
    TIM_DMAConfig                            0x08006bad   Thumb Code    10  stm32f10x_tim.o(.text)
    TIM_DMACmd                               0x08006bb7   Thumb Code    18  stm32f10x_tim.o(.text)
    TIM_InternalClockConfig                  0x08006bc9   Thumb Code    12  stm32f10x_tim.o(.text)
    TIM_SelectInputTrigger                   0x08006bd5   Thumb Code    18  stm32f10x_tim.o(.text)
    TIM_ITRxExternalClockConfig              0x08006be7   Thumb Code    24  stm32f10x_tim.o(.text)
    TIM_TIxExternalClockConfig               0x08006bff   Thumb Code    62  stm32f10x_tim.o(.text)
    TIM_ETRConfig                            0x08006c3d   Thumb Code    28  stm32f10x_tim.o(.text)
    TIM_ETRClockMode1Config                  0x08006c59   Thumb Code    54  stm32f10x_tim.o(.text)
    TIM_ETRClockMode2Config                  0x08006c8f   Thumb Code    32  stm32f10x_tim.o(.text)
    TIM_PrescalerConfig                      0x08006caf   Thumb Code     6  stm32f10x_tim.o(.text)
    TIM_CounterModeConfig                    0x08006cb5   Thumb Code    18  stm32f10x_tim.o(.text)
    TIM_EncoderInterfaceConfig               0x08006cc7   Thumb Code    66  stm32f10x_tim.o(.text)
    TIM_ForcedOC1Config                      0x08006d09   Thumb Code    18  stm32f10x_tim.o(.text)
    TIM_ForcedOC2Config                      0x08006d1b   Thumb Code    26  stm32f10x_tim.o(.text)
    TIM_ForcedOC3Config                      0x08006d35   Thumb Code    18  stm32f10x_tim.o(.text)
    TIM_ForcedOC4Config                      0x08006d47   Thumb Code    26  stm32f10x_tim.o(.text)
    TIM_ARRPreloadConfig                     0x08006d61   Thumb Code    24  stm32f10x_tim.o(.text)
    TIM_SelectCOM                            0x08006d79   Thumb Code    24  stm32f10x_tim.o(.text)
    TIM_SelectCCDMA                          0x08006d91   Thumb Code    24  stm32f10x_tim.o(.text)
    TIM_CCPreloadControl                     0x08006da9   Thumb Code    24  stm32f10x_tim.o(.text)
    TIM_OC1PreloadConfig                     0x08006dc1   Thumb Code    18  stm32f10x_tim.o(.text)
    TIM_OC2PreloadConfig                     0x08006dd3   Thumb Code    26  stm32f10x_tim.o(.text)
    TIM_OC3PreloadConfig                     0x08006ded   Thumb Code    18  stm32f10x_tim.o(.text)
    TIM_OC4PreloadConfig                     0x08006dff   Thumb Code    26  stm32f10x_tim.o(.text)
    TIM_OC1FastConfig                        0x08006e19   Thumb Code    18  stm32f10x_tim.o(.text)
    TIM_OC2FastConfig                        0x08006e2b   Thumb Code    26  stm32f10x_tim.o(.text)
    TIM_OC3FastConfig                        0x08006e45   Thumb Code    18  stm32f10x_tim.o(.text)
    TIM_OC4FastConfig                        0x08006e57   Thumb Code    26  stm32f10x_tim.o(.text)
    TIM_ClearOC1Ref                          0x08006e71   Thumb Code    18  stm32f10x_tim.o(.text)
    TIM_ClearOC2Ref                          0x08006e83   Thumb Code    24  stm32f10x_tim.o(.text)
    TIM_ClearOC3Ref                          0x08006e9b   Thumb Code    18  stm32f10x_tim.o(.text)
    TIM_ClearOC4Ref                          0x08006ead   Thumb Code    24  stm32f10x_tim.o(.text)
    TIM_OC1PolarityConfig                    0x08006ec5   Thumb Code    18  stm32f10x_tim.o(.text)
    TIM_OC1NPolarityConfig                   0x08006ed7   Thumb Code    18  stm32f10x_tim.o(.text)
    TIM_OC2PolarityConfig                    0x08006ee9   Thumb Code    26  stm32f10x_tim.o(.text)
    TIM_OC2NPolarityConfig                   0x08006f03   Thumb Code    26  stm32f10x_tim.o(.text)
    TIM_OC3PolarityConfig                    0x08006f1d   Thumb Code    26  stm32f10x_tim.o(.text)
    TIM_OC3NPolarityConfig                   0x08006f37   Thumb Code    26  stm32f10x_tim.o(.text)
    TIM_OC4PolarityConfig                    0x08006f51   Thumb Code    26  stm32f10x_tim.o(.text)
    TIM_CCxCmd                               0x08006f6b   Thumb Code    30  stm32f10x_tim.o(.text)
    TIM_CCxNCmd                              0x08006f89   Thumb Code    30  stm32f10x_tim.o(.text)
    TIM_SelectOCxM                           0x08006fa7   Thumb Code    82  stm32f10x_tim.o(.text)
    TIM_UpdateDisableConfig                  0x08006ff9   Thumb Code    24  stm32f10x_tim.o(.text)
    TIM_UpdateRequestConfig                  0x08007011   Thumb Code    24  stm32f10x_tim.o(.text)
    TIM_SelectHallSensor                     0x08007029   Thumb Code    24  stm32f10x_tim.o(.text)
    TIM_SelectOnePulseMode                   0x08007041   Thumb Code    18  stm32f10x_tim.o(.text)
    TIM_SelectOutputTrigger                  0x08007053   Thumb Code    18  stm32f10x_tim.o(.text)
    TIM_SelectSlaveMode                      0x08007065   Thumb Code    18  stm32f10x_tim.o(.text)
    TIM_SelectMasterSlaveMode                0x08007077   Thumb Code    18  stm32f10x_tim.o(.text)
    TIM_SetCounter                           0x08007089   Thumb Code     4  stm32f10x_tim.o(.text)
    TIM_SetAutoreload                        0x0800708d   Thumb Code     4  stm32f10x_tim.o(.text)
    TIM_SetCompare1                          0x08007091   Thumb Code     4  stm32f10x_tim.o(.text)
    TIM_SetCompare2                          0x08007095   Thumb Code     4  stm32f10x_tim.o(.text)
    TIM_SetCompare3                          0x08007099   Thumb Code     4  stm32f10x_tim.o(.text)
    TIM_SetCompare4                          0x0800709d   Thumb Code     6  stm32f10x_tim.o(.text)
    TIM_SetClockDivision                     0x080070a3   Thumb Code    18  stm32f10x_tim.o(.text)
    TIM_GetCapture1                          0x080070b5   Thumb Code     6  stm32f10x_tim.o(.text)
    TIM_GetCapture2                          0x080070bb   Thumb Code     6  stm32f10x_tim.o(.text)
    TIM_GetCapture3                          0x080070c1   Thumb Code     6  stm32f10x_tim.o(.text)
    TIM_GetCapture4                          0x080070c7   Thumb Code     8  stm32f10x_tim.o(.text)
    TIM_GetCounter                           0x080070cf   Thumb Code     6  stm32f10x_tim.o(.text)
    TIM_GetPrescaler                         0x080070d5   Thumb Code     6  stm32f10x_tim.o(.text)
    TIM_GetFlagStatus                        0x080070db   Thumb Code    18  stm32f10x_tim.o(.text)
    TIM_ClearFlag                            0x080070ed   Thumb Code     6  stm32f10x_tim.o(.text)
    TIM_GetITStatus                          0x080070f3   Thumb Code    34  stm32f10x_tim.o(.text)
    TIM_ClearITPendingBit                    0x08007115   Thumb Code     6  stm32f10x_tim.o(.text)
    USART_DeInit                             0x0800711d   Thumb Code   134  stm32f10x_usart.o(.text)
    USART_Init                               0x080071a3   Thumb Code   210  stm32f10x_usart.o(.text)
    USART_StructInit                         0x08007275   Thumb Code    24  stm32f10x_usart.o(.text)
    USART_ClockInit                          0x0800728d   Thumb Code    34  stm32f10x_usart.o(.text)
    USART_ClockStructInit                    0x080072af   Thumb Code    12  stm32f10x_usart.o(.text)
    USART_Cmd                                0x080072bb   Thumb Code    24  stm32f10x_usart.o(.text)
    USART_ITConfig                           0x080072d3   Thumb Code    74  stm32f10x_usart.o(.text)
    USART_DMACmd                             0x0800731d   Thumb Code    18  stm32f10x_usart.o(.text)
    USART_SetAddress                         0x0800732f   Thumb Code    18  stm32f10x_usart.o(.text)
    USART_WakeUpConfig                       0x08007341   Thumb Code    18  stm32f10x_usart.o(.text)
    USART_ReceiverWakeUpCmd                  0x08007353   Thumb Code    24  stm32f10x_usart.o(.text)
    USART_LINBreakDetectLengthConfig         0x0800736b   Thumb Code    18  stm32f10x_usart.o(.text)
    USART_LINCmd                             0x0800737d   Thumb Code    24  stm32f10x_usart.o(.text)
    USART_SendData                           0x08007395   Thumb Code     8  stm32f10x_usart.o(.text)
    USART_ReceiveData                        0x0800739d   Thumb Code    10  stm32f10x_usart.o(.text)
    USART_SendBreak                          0x080073a7   Thumb Code    10  stm32f10x_usart.o(.text)
    USART_SetGuardTime                       0x080073b1   Thumb Code    16  stm32f10x_usart.o(.text)
    USART_SetPrescaler                       0x080073c1   Thumb Code    16  stm32f10x_usart.o(.text)
    USART_SmartCardCmd                       0x080073d1   Thumb Code    24  stm32f10x_usart.o(.text)
    USART_SmartCardNACKCmd                   0x080073e9   Thumb Code    24  stm32f10x_usart.o(.text)
    USART_HalfDuplexCmd                      0x08007401   Thumb Code    24  stm32f10x_usart.o(.text)
    USART_OverSampling8Cmd                   0x08007419   Thumb Code    22  stm32f10x_usart.o(.text)
    USART_OneBitMethodCmd                    0x0800742f   Thumb Code    24  stm32f10x_usart.o(.text)
    USART_IrDAConfig                         0x08007447   Thumb Code    18  stm32f10x_usart.o(.text)
    USART_IrDACmd                            0x08007459   Thumb Code    24  stm32f10x_usart.o(.text)
    USART_GetFlagStatus                      0x08007471   Thumb Code    26  stm32f10x_usart.o(.text)
    USART_ClearFlag                          0x0800748b   Thumb Code    18  stm32f10x_usart.o(.text)
    USART_GetITStatus                        0x0800749d   Thumb Code    84  stm32f10x_usart.o(.text)
    USART_ClearITPendingBit                  0x080074f1   Thumb Code    52  stm32f10x_usart.o(.text)
    BKP_DeInit                               0x08007525   Thumb Code    16  stm32f10x_bkp.o(.text)
    BKP_TamperPinLevelConfig                 0x08007535   Thumb Code     6  stm32f10x_bkp.o(.text)
    BKP_TamperPinCmd                         0x0800753b   Thumb Code     8  stm32f10x_bkp.o(.text)
    BKP_ITConfig                             0x08007543   Thumb Code     8  stm32f10x_bkp.o(.text)
    BKP_RTCOutputConfig                      0x0800754b   Thumb Code    22  stm32f10x_bkp.o(.text)
    BKP_SetRTCCalibrationValue               0x08007561   Thumb Code    22  stm32f10x_bkp.o(.text)
    BKP_WriteBackupRegister                  0x08007577   Thumb Code    24  stm32f10x_bkp.o(.text)
    BKP_ReadBackupRegister                   0x0800758f   Thumb Code    26  stm32f10x_bkp.o(.text)
    BKP_GetFlagStatus                        0x080075a9   Thumb Code    10  stm32f10x_bkp.o(.text)
    BKP_ClearFlag                            0x080075b3   Thumb Code    18  stm32f10x_bkp.o(.text)
    BKP_GetITStatus                          0x080075c5   Thumb Code    10  stm32f10x_bkp.o(.text)
    BKP_ClearITPendingBit                    0x080075cf   Thumb Code    18  stm32f10x_bkp.o(.text)
    __use_no_semihosting                     0x080075e9   Thumb Code     2  use_no_semi_2.o(.text)
    __aeabi_ldivmod                          0x080075eb   Thumb Code     0  llsdiv.o(.text)
    _ll_sdiv                                 0x080075eb   Thumb Code    72  llsdiv.o(.text)
    __2printf                                0x08007635   Thumb Code    20  noretval__2printf.o(.text)
    __printf                                 0x0800764d   Thumb Code   104  __printf.o(.text)
    _printf_int_dec                          0x080076b5   Thumb Code   104  _printf_dec.o(.text)
    memcmp                                   0x0800772d   Thumb Code    88  memcmp.o(.text)
    __aeabi_memset                           0x08007785   Thumb Code    16  aeabi_memset.o(.text)
    __use_two_region_memory                  0x08007795   Thumb Code     2  heapauxi.o(.text)
    __rt_heap_escrow$2region                 0x08007797   Thumb Code     2  heapauxi.o(.text)
    __rt_heap_expand$2region                 0x08007799   Thumb Code     2  heapauxi.o(.text)
    __I$use$semihosting                      0x0800779b   Thumb Code     0  use_no_semi.o(.text)
    __use_no_semihosting_swi                 0x0800779b   Thumb Code     2  use_no_semi.o(.text)
    __aeabi_uldivmod                         0x0800779d   Thumb Code     0  lludivv7m.o(.text)
    _ll_udiv                                 0x0800779d   Thumb Code   238  lludivv7m.o(.text)
    __read_errno                             0x0800788b   Thumb Code    10  _rserrno.o(.text)
    __set_errno                              0x08007895   Thumb Code    12  _rserrno.o(.text)
    _printf_int_common                       0x080078a1   Thumb Code   178  _printf_intcommon.o(.text)
    _printf_char_file                        0x08007955   Thumb Code    32  _printf_char_file.o(.text)
    __aeabi_memclr                           0x08007979   Thumb Code     0  rt_memclr.o(.text)
    __rt_memclr                              0x08007979   Thumb Code    68  rt_memclr.o(.text)
    _memset                                  0x0800797d   Thumb Code     0  rt_memclr.o(.text)
    __aeabi_errno_addr                       0x080079bd   Thumb Code     8  rt_errno_addr_intlibspace.o(.text)
    __errno$intlibspace                      0x080079bd   Thumb Code     0  rt_errno_addr_intlibspace.o(.text)
    __rt_errno_addr$intlibspace              0x080079bd   Thumb Code     0  rt_errno_addr_intlibspace.o(.text)
    _printf_char_common                      0x080079cf   Thumb Code    32  _printf_char_common.o(.text)
    ferror                                   0x080079f5   Thumb Code     8  ferror.o(.text)
    __aeabi_memclr4                          0x080079fd   Thumb Code     0  rt_memclr_w.o(.text)
    __aeabi_memclr8                          0x080079fd   Thumb Code     0  rt_memclr_w.o(.text)
    __rt_memclr_w                            0x080079fd   Thumb Code    78  rt_memclr_w.o(.text)
    _memset_w                                0x08007a01   Thumb Code     0  rt_memclr_w.o(.text)
    __user_libspace                          0x08007a4d   Thumb Code     8  libspace.o(.text)
    __user_perproc_libspace                  0x08007a4d   Thumb Code     0  libspace.o(.text)
    __user_perthread_libspace                0x08007a4d   Thumb Code     0  libspace.o(.text)
    __user_setup_stackheap                   0x08007a55   Thumb Code    74  sys_stackheap_outer.o(.text)
    exit                                     0x08007a9f   Thumb Code    12  exit.o(.text)
    __ARM_fpclassify                         0x08007aab   Thumb Code    40  fpclassify.o(i.__ARM_fpclassify)
    __kernel_poly                            0x08007ad3   Thumb Code   170  poly.o(i.__kernel_poly)
    __mathlib_dbl_infnan                     0x08007b7d   Thumb Code     6  dunder.o(i.__mathlib_dbl_infnan)
    __mathlib_dbl_infnan2                    0x08007b83   Thumb Code     4  dunder.o(i.__mathlib_dbl_infnan2)
    __mathlib_dbl_invalid                    0x08007b87   Thumb Code    12  dunder.o(i.__mathlib_dbl_invalid)
    __mathlib_dbl_underflow                  0x08007b95   Thumb Code    10  dunder.o(i.__mathlib_dbl_underflow)
    asin                                     0x08007ba5   Thumb Code   572  asin.o(i.asin)
    atan                                     0x08007e15   Thumb Code   474  atan.o(i.atan)
    atan2                                    0x08008035   Thumb Code   346  atan2.o(i.atan2)
    sqrt                                     0x080081b5   Thumb Code    76  sqrt.o(i.sqrt)
    __aeabi_d2f                              0x08008201   Thumb Code     0  d2f.o(x$fpl$d2f)
    _d2f                                     0x08008201   Thumb Code    98  d2f.o(x$fpl$d2f)
    __aeabi_dadd                             0x08008265   Thumb Code     0  daddsub_clz.o(x$fpl$dadd)
    _dadd                                    0x08008265   Thumb Code   332  daddsub_clz.o(x$fpl$dadd)
    __fpl_dcheck_NaN1                        0x080083b5   Thumb Code    10  dcheck1.o(x$fpl$dcheck1)
    __fpl_dcmp_Inf                           0x080083c5   Thumb Code    24  dcmpi.o(x$fpl$dcmpinf)
    __aeabi_ddiv                             0x080083dd   Thumb Code     0  ddiv.o(x$fpl$ddiv)
    _ddiv                                    0x080083dd   Thumb Code   552  ddiv.o(x$fpl$ddiv)
    __aeabi_d2iz                             0x0800868d   Thumb Code     0  dfix.o(x$fpl$dfix)
    _dfix                                    0x0800868d   Thumb Code    94  dfix.o(x$fpl$dfix)
    __aeabi_ui2d                             0x080086eb   Thumb Code     0  dflt_clz.o(x$fpl$dfltu)
    _dfltu                                   0x080086eb   Thumb Code    38  dflt_clz.o(x$fpl$dfltu)
    __aeabi_cdcmple                          0x08008711   Thumb Code     0  dleqf.o(x$fpl$dleqf)
    _dcmple                                  0x08008711   Thumb Code   120  dleqf.o(x$fpl$dleqf)
    __fpl_dcmple_InfNaN                      0x08008773   Thumb Code     0  dleqf.o(x$fpl$dleqf)
    __aeabi_dmul                             0x08008789   Thumb Code     0  dmul.o(x$fpl$dmul)
    _dmul                                    0x08008789   Thumb Code   332  dmul.o(x$fpl$dmul)
    __fpl_dnaninf                            0x080088dd   Thumb Code   156  dnaninf.o(x$fpl$dnaninf)
    __fpl_dretinf                            0x08008979   Thumb Code    12  dretinf.o(x$fpl$dretinf)
    __aeabi_drsub                            0x08008985   Thumb Code     0  daddsub_clz.o(x$fpl$drsb)
    _drsb                                    0x08008985   Thumb Code    22  daddsub_clz.o(x$fpl$drsb)
    _dsqrt                                   0x0800899d   Thumb Code   456  dsqrt_noumaal.o(x$fpl$dsqrt)
    __aeabi_dsub                             0x08008b69   Thumb Code     0  daddsub_clz.o(x$fpl$dsub)
    _dsub                                    0x08008b69   Thumb Code   464  daddsub_clz.o(x$fpl$dsub)
    __aeabi_f2d                              0x08008d3d   Thumb Code     0  f2d.o(x$fpl$f2d)
    _f2d                                     0x08008d3d   Thumb Code    86  f2d.o(x$fpl$f2d)
    __aeabi_fadd                             0x08008d95   Thumb Code     0  faddsub_clz.o(x$fpl$fadd)
    _fadd                                    0x08008d95   Thumb Code   196  faddsub_clz.o(x$fpl$fadd)
    __fpl_fcmp_Inf                           0x08008e59   Thumb Code    24  fcmpi.o(x$fpl$fcmpinf)
    __aeabi_fdiv                             0x08008e71   Thumb Code     0  fdiv.o(x$fpl$fdiv)
    _fdiv                                    0x08008e71   Thumb Code   384  fdiv.o(x$fpl$fdiv)
    __aeabi_cfcmpeq                          0x08008ff5   Thumb Code     0  feqf.o(x$fpl$feqf)
    _fcmpeq                                  0x08008ff5   Thumb Code   104  feqf.o(x$fpl$feqf)
    __aeabi_f2iz                             0x0800905d   Thumb Code     0  ffix.o(x$fpl$ffix)
    _ffix                                    0x0800905d   Thumb Code    54  ffix.o(x$fpl$ffix)
    __aeabi_f2uiz                            0x08009095   Thumb Code     0  ffixu.o(x$fpl$ffixu)
    _ffixu                                   0x08009095   Thumb Code    62  ffixu.o(x$fpl$ffixu)
    __aeabi_i2f                              0x080090d5   Thumb Code     0  fflt_clz.o(x$fpl$fflt)
    _fflt                                    0x080090d5   Thumb Code    48  fflt_clz.o(x$fpl$fflt)
    __aeabi_ui2f                             0x08009105   Thumb Code     0  fflt_clz.o(x$fpl$ffltu)
    _ffltu                                   0x08009105   Thumb Code    38  fflt_clz.o(x$fpl$ffltu)
    __aeabi_cfcmple                          0x0800912d   Thumb Code     0  fleqf.o(x$fpl$fleqf)
    _fcmple                                  0x0800912d   Thumb Code   104  fleqf.o(x$fpl$fleqf)
    __fpl_fcmple_InfNaN                      0x0800917f   Thumb Code     0  fleqf.o(x$fpl$fleqf)
    __aeabi_fmul                             0x08009195   Thumb Code     0  fmul.o(x$fpl$fmul)
    _fmul                                    0x08009195   Thumb Code   258  fmul.o(x$fpl$fmul)
    __fpl_fnaninf                            0x08009297   Thumb Code   140  fnaninf.o(x$fpl$fnaninf)
    __fpl_fretinf                            0x08009323   Thumb Code    10  fretinf.o(x$fpl$fretinf)
    __aeabi_cfrcmple                         0x0800932d   Thumb Code     0  frleqf.o(x$fpl$frleqf)
    _frcmple                                 0x0800932d   Thumb Code    98  frleqf.o(x$fpl$frleqf)
    __aeabi_frsub                            0x0800938f   Thumb Code     0  faddsub_clz.o(x$fpl$frsb)
    _frsb                                    0x0800938f   Thumb Code    20  faddsub_clz.o(x$fpl$frsb)
    __aeabi_fsub                             0x080093a5   Thumb Code     0  faddsub_clz.o(x$fpl$fsub)
    _fsub                                    0x080093a5   Thumb Code   234  faddsub_clz.o(x$fpl$fsub)
    __fpl_return_NaN                         0x0800948f   Thumb Code   100  retnan.o(x$fpl$retnan)
    __ARM_scalbn                             0x080094f3   Thumb Code    92  scalbn.o(x$fpl$scalbn)
    __fpl_cmpreturn                          0x0800954f   Thumb Code    48  trapv.o(x$fpl$trapveneer)
    __I$use$fp                               0x0800957e   Number         0  usenofp.o(x$fpl$usenofp)
    oled_asc2_1206                           0x0800957e   Data        1140  oled.o(.constdata)
    oled_asc2_1608                           0x080099f2   Data        1520  oled.o(.constdata)
    hw                                       0x08009fe4   Data          12  inv_mpu.o(.constdata)
    reg                                      0x08009ff0   Data          27  inv_mpu.o(.constdata)
    test                                     0x0800a00c   Data          40  inv_mpu.o(.constdata)
    __mathlib_zero                           0x0800ad18   Data           8  qnan.o(.constdata)
    Region$$Table$$Base                      0x0800ad70   Number         0  anon$$obj.o(Region$$Table)
    Region$$Table$$Limit                     0x0800ad90   Number         0  anon$$obj.o(Region$$Table)
    Flag_Qian                                0x20000000   Data           1  minibalance.o(.data)
    Flag_Hou                                 0x20000001   Data           1  minibalance.o(.data)
    Flag_Left                                0x20000002   Data           1  minibalance.o(.data)
    Flag_Right                               0x20000003   Data           1  minibalance.o(.data)
    Flag_sudu                                0x20000004   Data           1  minibalance.o(.data)
    Flag_Stop                                0x20000005   Data           1  minibalance.o(.data)
    Flag_Show                                0x20000006   Data           1  minibalance.o(.data)
    Encoder_Left                             0x20000008   Data           4  minibalance.o(.data)
    Encoder_Right                            0x2000000c   Data           4  minibalance.o(.data)
    Moto1                                    0x20000010   Data           4  minibalance.o(.data)
    Moto2                                    0x20000014   Data           4  minibalance.o(.data)
    Temperature                              0x20000018   Data           4  minibalance.o(.data)
    Voltage                                  0x2000001c   Data           4  minibalance.o(.data)
    Angle_Balance                            0x20000020   Data           4  minibalance.o(.data)
    Gyro_Balance                             0x20000024   Data           4  minibalance.o(.data)
    Gyro_Turn                                0x20000028   Data           4  minibalance.o(.data)
    Distance                                 0x2000002c   Data           4  minibalance.o(.data)
    __stdout                                 0x20000034   Data           4  usart.o(.data)
    Usart3_Receive                           0x2000003f   Data           1  usart3.o(.data)
    Balance_Pwm                              0x20000044   Data           4  control.o(.data)
    Velocity_Pwm                             0x20000048   Data           4  control.o(.data)
    Turn_Pwm                                 0x2000004c   Data           4  control.o(.data)
    Flag_Target                              0x20000050   Data           1  control.o(.data)
    Acceleration_Z                           0x20000054   Data           4  control.o(.data)
    K1                                       0x200000b0   Data           4  filter.o(.data)
    angle                                    0x200000b4   Data           4  filter.o(.data)
    angle_dot                                0x200000b8   Data           4  filter.o(.data)
    Q_angle                                  0x200000bc   Data           4  filter.o(.data)
    Q_gyro                                   0x200000c0   Data           4  filter.o(.data)
    R_angle                                  0x200000c4   Data           4  filter.o(.data)
    dt                                       0x200000c8   Data           4  filter.o(.data)
    C_0                                      0x200000cc   Data           1  filter.o(.data)
    Q_bias                                   0x200000d0   Data           4  filter.o(.data)
    Angle_err                                0x200000d4   Data           4  filter.o(.data)
    PCt_0                                    0x200000d8   Data           4  filter.o(.data)
    PCt_1                                    0x200000dc   Data           4  filter.o(.data)
    E                                        0x200000e0   Data           4  filter.o(.data)
    K_0                                      0x200000e4   Data           4  filter.o(.data)
    K_1                                      0x200000e8   Data           4  filter.o(.data)
    t_0                                      0x200000ec   Data           4  filter.o(.data)
    t_1                                      0x200000f0   Data           4  filter.o(.data)
    PP                                       0x200000f4   Data          16  filter.o(.data)
    gyro                                     0x20000104   Data           6  mpu6050.o(.data)
    accel                                    0x2000010a   Data           6  mpu6050.o(.data)
    sensors                                  0x20000110   Data           2  mpu6050.o(.data)
    Pitch                                    0x20000114   Data           4  mpu6050.o(.data)
    q0                                       0x20000118   Data           4  mpu6050.o(.data)
    q1                                       0x2000011c   Data           4  mpu6050.o(.data)
    q2                                       0x20000120   Data           4  mpu6050.o(.data)
    q3                                       0x20000124   Data           4  mpu6050.o(.data)
    Gx_offset                                0x20000132   Data           2  mpu6050.o(.data)
    Gy_offset                                0x20000134   Data           2  mpu6050.o(.data)
    Gz_offset                                0x20000136   Data           2  mpu6050.o(.data)
    OLED_GRAM                                0x2000014c   Data        1024  oled.o(.bss)
    Pdot                                     0x2000055c   Data          16  filter.o(.bss)
    buffer                                   0x2000056c   Data          14  mpu6050.o(.bss)
    MPU6050_FIFO                             0x2000057a   Data         132  mpu6050.o(.bss)
    __libspace_start                         0x20000600   Data          96  libspace.o(.bss)
    __temporary_stack_top$libspace           0x20000660   Data           0  libspace.o(.bss)



==============================================================================

Memory Map of the image

  Image Entry point : 0x080000ed

  Load Region LR_IROM1 (Base: 0x08000000, Size: 0x0000aedc, Max: 0x00010000, ABSOLUTE, COMPRESSED[0x0000ade4])

    Execution Region ER_IROM1 (Base: 0x08000000, Size: 0x0000ad90, Max: 0x00010000, ABSOLUTE)

    Base Addr    Size         Type   Attr      Idx    E Section Name        Object

    0x08000000   0x000000ec   Data   RO            3    RESET               startup_stm32f10x_md.o
    0x080000ec   0x00000008   Code   RO          752  * !!!main             c_w.l(__main.o)
    0x080000f4   0x00000034   Code   RO         1082    !!!scatter          c_w.l(__scatter.o)
    0x08000128   0x0000003a   Code   RO         1080    !!dczerorl          c_w.l(__dczerorl.o)
    0x08000162   0x00000002   PAD
    0x08000164   0x0000001c   Code   RO         1084    !!handler_zi        c_w.l(__scatter_zi.o)
    0x08000180   0x00000000   Code   RO          745    .ARM.Collect$$_printf_percent$$00000000  c_w.l(_printf_percent.o)
    0x08000180   0x00000006   Code   RO          744    .ARM.Collect$$_printf_percent$$00000009  c_w.l(_printf_d.o)
    0x08000186   0x00000004   Code   RO          843    .ARM.Collect$$_printf_percent$$00000017  c_w.l(_printf_percent_end.o)
    0x0800018a   0x00000002   Code   RO          950    .ARM.Collect$$libinit$$00000000  c_w.l(libinit.o)
    0x0800018c   0x00000000   Code   RO          960    .ARM.Collect$$libinit$$00000002  c_w.l(libinit2.o)
    0x0800018c   0x00000000   Code   RO          962    .ARM.Collect$$libinit$$00000004  c_w.l(libinit2.o)
    0x0800018c   0x00000000   Code   RO          965    .ARM.Collect$$libinit$$0000000A  c_w.l(libinit2.o)
    0x0800018c   0x00000000   Code   RO          967    .ARM.Collect$$libinit$$0000000C  c_w.l(libinit2.o)
    0x0800018c   0x00000000   Code   RO          969    .ARM.Collect$$libinit$$0000000E  c_w.l(libinit2.o)
    0x0800018c   0x00000000   Code   RO          972    .ARM.Collect$$libinit$$00000011  c_w.l(libinit2.o)
    0x0800018c   0x00000000   Code   RO          974    .ARM.Collect$$libinit$$00000013  c_w.l(libinit2.o)
    0x0800018c   0x00000000   Code   RO          976    .ARM.Collect$$libinit$$00000015  c_w.l(libinit2.o)
    0x0800018c   0x00000000   Code   RO          978    .ARM.Collect$$libinit$$00000017  c_w.l(libinit2.o)
    0x0800018c   0x00000000   Code   RO          980    .ARM.Collect$$libinit$$00000019  c_w.l(libinit2.o)
    0x0800018c   0x00000000   Code   RO          982    .ARM.Collect$$libinit$$0000001B  c_w.l(libinit2.o)
    0x0800018c   0x00000000   Code   RO          984    .ARM.Collect$$libinit$$0000001D  c_w.l(libinit2.o)
    0x0800018c   0x00000000   Code   RO          986    .ARM.Collect$$libinit$$0000001F  c_w.l(libinit2.o)
    0x0800018c   0x00000000   Code   RO          988    .ARM.Collect$$libinit$$00000021  c_w.l(libinit2.o)
    0x0800018c   0x00000000   Code   RO          990    .ARM.Collect$$libinit$$00000023  c_w.l(libinit2.o)
    0x0800018c   0x00000000   Code   RO          992    .ARM.Collect$$libinit$$00000025  c_w.l(libinit2.o)
    0x0800018c   0x00000000   Code   RO          996    .ARM.Collect$$libinit$$0000002C  c_w.l(libinit2.o)
    0x0800018c   0x00000000   Code   RO          998    .ARM.Collect$$libinit$$0000002E  c_w.l(libinit2.o)
    0x0800018c   0x00000000   Code   RO         1000    .ARM.Collect$$libinit$$00000030  c_w.l(libinit2.o)
    0x0800018c   0x00000000   Code   RO         1002    .ARM.Collect$$libinit$$00000032  c_w.l(libinit2.o)
    0x0800018c   0x00000002   Code   RO         1003    .ARM.Collect$$libinit$$00000033  c_w.l(libinit2.o)
    0x0800018e   0x00000002   Code   RO         1033    .ARM.Collect$$libshutdown$$00000000  c_w.l(libshutdown.o)
    0x08000190   0x00000000   Code   RO         1048    .ARM.Collect$$libshutdown$$00000003  c_w.l(libshutdown2.o)
    0x08000190   0x00000000   Code   RO         1051    .ARM.Collect$$libshutdown$$00000006  c_w.l(libshutdown2.o)
    0x08000190   0x00000000   Code   RO         1054    .ARM.Collect$$libshutdown$$00000009  c_w.l(libshutdown2.o)
    0x08000190   0x00000000   Code   RO         1056    .ARM.Collect$$libshutdown$$0000000B  c_w.l(libshutdown2.o)
    0x08000190   0x00000000   Code   RO         1059    .ARM.Collect$$libshutdown$$0000000E  c_w.l(libshutdown2.o)
    0x08000190   0x00000002   Code   RO         1060    .ARM.Collect$$libshutdown$$0000000F  c_w.l(libshutdown2.o)
    0x08000192   0x00000000   Code   RO          834    .ARM.Collect$$rtentry$$00000000  c_w.l(__rtentry.o)
    0x08000192   0x00000000   Code   RO          899    .ARM.Collect$$rtentry$$00000002  c_w.l(__rtentry2.o)
    0x08000192   0x00000006   Code   RO          911    .ARM.Collect$$rtentry$$00000004  c_w.l(__rtentry4.o)
    0x08000198   0x00000000   Code   RO          901    .ARM.Collect$$rtentry$$00000009  c_w.l(__rtentry2.o)
    0x08000198   0x00000004   Code   RO          902    .ARM.Collect$$rtentry$$0000000A  c_w.l(__rtentry2.o)
    0x0800019c   0x00000000   Code   RO          904    .ARM.Collect$$rtentry$$0000000C  c_w.l(__rtentry2.o)
    0x0800019c   0x00000008   Code   RO          905    .ARM.Collect$$rtentry$$0000000D  c_w.l(__rtentry2.o)
    0x080001a4   0x00000002   Code   RO          953    .ARM.Collect$$rtexit$$00000000  c_w.l(rtexit.o)
    0x080001a6   0x00000000   Code   RO         1007    .ARM.Collect$$rtexit$$00000002  c_w.l(rtexit2.o)
    0x080001a6   0x00000004   Code   RO         1008    .ARM.Collect$$rtexit$$00000003  c_w.l(rtexit2.o)
    0x080001aa   0x00000006   Code   RO         1009    .ARM.Collect$$rtexit$$00000004  c_w.l(rtexit2.o)
    0x080001b0   0x0000000c   Code   RO          270    .emb_text           sys.o
    0x080001bc   0x00000038   Code   RO            4    .text               startup_stm32f10x_md.o
    0x080001f4   0x00000084   Code   RO           24    .text               minibalance.o
    0x08000278   0x0000001a   Code   RO          193    .text               stm32f10x_it.o
    0x08000292   0x00000002   PAD
    0x08000294   0x000000b0   Code   RO          252    .text               delay.o
    0x08000344   0x000002bc   Code   RO          271    .text               sys.o
    0x08000600   0x0000010c   Code   RO          286    .text               usart.o
    0x0800070c   0x0000004c   Code   RO          311    .text               led.o
    0x08000758   0x000000f0   Code   RO          323    .text               key.o
    0x08000848   0x0000044e   Code   RO          336    .text               oled.o
    0x08000c96   0x00000002   PAD
    0x08000c98   0x00000160   Code   RO          355    .text               usart3.o
    0x08000df8   0x00000118   Code   RO          373    .text               adc.o
    0x08000f10   0x00000068   Code   RO          385    .text               timer.o
    0x08000f78   0x000000d4   Code   RO          397    .text               motor.o
    0x0800104c   0x000001a4   Code   RO          409    .text               encoder.o
    0x080011f0   0x00000526   Code   RO          421    .text               ioi2c.o
    0x08001716   0x00000002   PAD
    0x08001718   0x00000724   Code   RO          433    .text               control.o
    0x08001e3c   0x00001e90   Code   RO          455    .text               inv_mpu.o
    0x08003ccc   0x00000d70   Code   RO          479    .text               inv_mpu_dmp_motion_driver.o
    0x08004a3c   0x00000278   Code   RO          494    .text               filter.o
    0x08004cb4   0x00000780   Code   RO          513    .text               mpu6050.o
    0x08005434   0x000001d4   Code   RO          537    .text               show.o
    0x08005608   0x000000dc   Code   RO          552    .text               misc.o
    0x080056e4   0x0000044e   Code   RO          564    .text               stm32f10x_adc.o
    0x08005b32   0x00000002   PAD
    0x08005b34   0x0000035c   Code   RO          588    .text               stm32f10x_gpio.o
    0x08005e90   0x000000cc   Code   RO          612    .text               stm32f10x_pwr.o
    0x08005f5c   0x000003a4   Code   RO          624    .text               stm32f10x_rcc.o
    0x08006300   0x00000e1a   Code   RO          674    .text               stm32f10x_tim.o
    0x0800711a   0x00000002   PAD
    0x0800711c   0x00000408   Code   RO          686    .text               stm32f10x_usart.o
    0x08007524   0x000000c4   Code   RO          698    .text               stm32f10x_bkp.o
    0x080075e8   0x00000002   Code   RO          712    .text               c_w.l(use_no_semi_2.o)
    0x080075ea   0x00000048   Code   RO          714    .text               c_w.l(llsdiv.o)
    0x08007632   0x00000002   PAD
    0x08007634   0x00000018   Code   RO          718    .text               c_w.l(noretval__2printf.o)
    0x0800764c   0x00000068   Code   RO          720    .text               c_w.l(__printf.o)
    0x080076b4   0x00000078   Code   RO          722    .text               c_w.l(_printf_dec.o)
    0x0800772c   0x00000058   Code   RO          746    .text               c_w.l(memcmp.o)
    0x08007784   0x00000010   Code   RO          748    .text               c_w.l(aeabi_memset.o)
    0x08007794   0x00000006   Code   RO          750    .text               c_w.l(heapauxi.o)
    0x0800779a   0x00000002   Code   RO          832    .text               c_w.l(use_no_semi.o)
    0x0800779c   0x000000ee   Code   RO          835    .text               c_w.l(lludivv7m.o)
    0x0800788a   0x00000016   Code   RO          837    .text               c_w.l(_rserrno.o)
    0x080078a0   0x000000b2   Code   RO          839    .text               c_w.l(_printf_intcommon.o)
    0x08007952   0x00000002   PAD
    0x08007954   0x00000024   Code   RO          841    .text               c_w.l(_printf_char_file.o)
    0x08007978   0x00000044   Code   RO          844    .text               c_w.l(rt_memclr.o)
    0x080079bc   0x00000008   Code   RO          920    .text               c_w.l(rt_errno_addr_intlibspace.o)
    0x080079c4   0x00000030   Code   RO          922    .text               c_w.l(_printf_char_common.o)
    0x080079f4   0x00000008   Code   RO          924    .text               c_w.l(ferror.o)
    0x080079fc   0x0000004e   Code   RO          928    .text               c_w.l(rt_memclr_w.o)
    0x08007a4a   0x00000002   PAD
    0x08007a4c   0x00000008   Code   RO          934    .text               c_w.l(libspace.o)
    0x08007a54   0x0000004a   Code   RO          937    .text               c_w.l(sys_stackheap_outer.o)
    0x08007a9e   0x0000000c   Code   RO          943    .text               c_w.l(exit.o)
    0x08007aaa   0x00000028   Code   RO          885    i.__ARM_fpclassify  m_ws.l(fpclassify.o)
    0x08007ad2   0x000000aa   Code   RO          887    i.__kernel_poly     m_ws.l(poly.o)
    0x08007b7c   0x00000006   Code   RO          872    i.__mathlib_dbl_infnan  m_ws.l(dunder.o)
    0x08007b82   0x00000004   Code   RO          873    i.__mathlib_dbl_infnan2  m_ws.l(dunder.o)
    0x08007b86   0x0000000c   Code   RO          874    i.__mathlib_dbl_invalid  m_ws.l(dunder.o)
    0x08007b92   0x00000002   PAD
    0x08007b94   0x00000010   Code   RO          877    i.__mathlib_dbl_underflow  m_ws.l(dunder.o)
    0x08007ba4   0x00000270   Code   RO          815    i.asin              m_ws.l(asin.o)
    0x08007e14   0x00000220   Code   RO          862    i.atan              m_ws.l(atan.o)
    0x08008034   0x00000180   Code   RO          825    i.atan2             m_ws.l(atan2.o)
    0x080081b4   0x0000004c   Code   RO          891    i.sqrt              m_ws.l(sqrt.o)
    0x08008200   0x00000062   Code   RO          754    x$fpl$d2f           fz_ws.l(d2f.o)
    0x08008262   0x00000002   PAD
    0x08008264   0x00000150   Code   RO          756    x$fpl$dadd          fz_ws.l(daddsub_clz.o)
    0x080083b4   0x00000010   Code   RO          930    x$fpl$dcheck1       fz_ws.l(dcheck1.o)
    0x080083c4   0x00000018   Code   RO          846    x$fpl$dcmpinf       fz_ws.l(dcmpi.o)
    0x080083dc   0x000002b0   Code   RO          763    x$fpl$ddiv          fz_ws.l(ddiv.o)
    0x0800868c   0x0000005e   Code   RO          766    x$fpl$dfix          fz_ws.l(dfix.o)
    0x080086ea   0x00000026   Code   RO          770    x$fpl$dfltu         fz_ws.l(dflt_clz.o)
    0x08008710   0x00000078   Code   RO          776    x$fpl$dleqf         fz_ws.l(dleqf.o)
    0x08008788   0x00000154   Code   RO          778    x$fpl$dmul          fz_ws.l(dmul.o)
    0x080088dc   0x0000009c   Code   RO          848    x$fpl$dnaninf       fz_ws.l(dnaninf.o)
    0x08008978   0x0000000c   Code   RO          850    x$fpl$dretinf       fz_ws.l(dretinf.o)
    0x08008984   0x00000016   Code   RO          757    x$fpl$drsb          fz_ws.l(daddsub_clz.o)
    0x0800899a   0x00000002   PAD
    0x0800899c   0x000001cc   Code   RO          932    x$fpl$dsqrt         fz_ws.l(dsqrt_noumaal.o)
    0x08008b68   0x000001d4   Code   RO          758    x$fpl$dsub          fz_ws.l(daddsub_clz.o)
    0x08008d3c   0x00000056   Code   RO          780    x$fpl$f2d           fz_ws.l(f2d.o)
    0x08008d92   0x00000002   PAD
    0x08008d94   0x000000c4   Code   RO          782    x$fpl$fadd          fz_ws.l(faddsub_clz.o)
    0x08008e58   0x00000018   Code   RO          852    x$fpl$fcmpinf       fz_ws.l(fcmpi.o)
    0x08008e70   0x00000184   Code   RO          789    x$fpl$fdiv          fz_ws.l(fdiv.o)
    0x08008ff4   0x00000068   Code   RO          792    x$fpl$feqf          fz_ws.l(feqf.o)
    0x0800905c   0x00000036   Code   RO          794    x$fpl$ffix          fz_ws.l(ffix.o)
    0x08009092   0x00000002   PAD
    0x08009094   0x0000003e   Code   RO          798    x$fpl$ffixu         fz_ws.l(ffixu.o)
    0x080090d2   0x00000002   PAD
    0x080090d4   0x00000030   Code   RO          803    x$fpl$fflt          fz_ws.l(fflt_clz.o)
    0x08009104   0x00000026   Code   RO          802    x$fpl$ffltu         fz_ws.l(fflt_clz.o)
    0x0800912a   0x00000002   PAD
    0x0800912c   0x00000068   Code   RO          808    x$fpl$fleqf         fz_ws.l(fleqf.o)
    0x08009194   0x00000102   Code   RO          810    x$fpl$fmul          fz_ws.l(fmul.o)
    0x08009296   0x0000008c   Code   RO          854    x$fpl$fnaninf       fz_ws.l(fnaninf.o)
    0x08009322   0x0000000a   Code   RO          856    x$fpl$fretinf       fz_ws.l(fretinf.o)
    0x0800932c   0x00000062   Code   RO          812    x$fpl$frleqf        fz_ws.l(frleqf.o)
    0x0800938e   0x00000014   Code   RO          783    x$fpl$frsb          fz_ws.l(faddsub_clz.o)
    0x080093a2   0x00000002   PAD
    0x080093a4   0x000000ea   Code   RO          784    x$fpl$fsub          fz_ws.l(faddsub_clz.o)
    0x0800948e   0x00000064   Code   RO          951    x$fpl$retnan        fz_ws.l(retnan.o)
    0x080094f2   0x0000005c   Code   RO          858    x$fpl$scalbn        fz_ws.l(scalbn.o)
    0x0800954e   0x00000030   Code   RO         1004    x$fpl$trapveneer    fz_ws.l(trapv.o)
    0x0800957e   0x00000000   Code   RO          860    x$fpl$usenofp       fz_ws.l(usenofp.o)
    0x0800957e   0x00000a64   Data   RO          338    .constdata          oled.o
    0x08009fe2   0x00000002   PAD
    0x08009fe4   0x00000050   Data   RO          456    .constdata          inv_mpu.o
    0x0800a034   0x00000bf6   Data   RO          481    .constdata          inv_mpu_dmp_motion_driver.o
    0x0800ac2a   0x00000006   PAD
    0x0800ac30   0x00000050   Data   RO          816    .constdata          m_ws.l(asin.o)
    0x0800ac80   0x00000098   Data   RO          863    .constdata          m_ws.l(atan.o)
    0x0800ad18   0x00000008   Data   RO          889    .constdata          m_ws.l(qnan.o)
    0x0800ad20   0x0000004e   Data   RO          457    .conststring        inv_mpu.o
    0x0800ad6e   0x00000002   PAD
    0x0800ad70   0x00000020   Data   RO         1078    Region$$Table       anon$$obj.o


    Execution Region RW_IRAM1 (Base: 0x20000000, Size: 0x00000c60, Max: 0x00005000, ABSOLUTE, COMPRESSED[0x00000054])

    Base Addr    Size         Type   Attr      Idx    E Section Name        Object

    0x20000000   0x00000030   Data   RW           25    .data               minibalance.o
    0x20000030   0x00000004   Data   RW          253    .data               delay.o
    0x20000034   0x00000004   Data   RW          287    .data               usart.o
    0x20000038   0x00000007   Data   RW          324    .data               key.o
    0x2000003f   0x00000002   Data   RW          356    .data               usart3.o
    0x20000041   0x00000003   PAD
    0x20000044   0x00000040   Data   RW          434    .data               control.o
    0x20000084   0x0000002c   Data   RW          458    .data               inv_mpu.o
    0x200000b0   0x00000054   Data   RW          496    .data               filter.o
    0x20000104   0x00000034   Data   RW          515    .data               mpu6050.o
    0x20000138   0x00000014   Data   RW          625    .data               stm32f10x_rcc.o
    0x2000014c   0x00000400   Zero   RW          337    .bss                oled.o
    0x2000054c   0x00000010   Zero   RW          480    .bss                inv_mpu_dmp_motion_driver.o
    0x2000055c   0x00000010   Zero   RW          495    .bss                filter.o
    0x2000056c   0x00000092   Zero   RW          514    .bss                mpu6050.o
    0x200005fe   0x00000002   PAD
    0x20000600   0x00000060   Zero   RW          935    .bss                c_w.l(libspace.o)
    0x20000660   0x00000200   Zero   RW            2    HEAP                startup_stm32f10x_md.o
    0x20000860   0x00000400   Zero   RW            1    STACK               startup_stm32f10x_md.o


==============================================================================

Image component sizes


      Code (inc. data)   RO Data    RW Data    ZI Data      Debug   Object Name

       280         24          0          0          0       1192   adc.o
      1828        254          0         64          0       4194   control.o
         0          0          0          0          0       4504   core_cm3.o
       176          8          0          4          0       1411   delay.o
       420         14          0          0          0       1691   encoder.o
       632         74          0         84         16       2258   filter.o
      7824        172        158         44          0      21451   inv_mpu.o
      3440        126       3062          0         16      15435   inv_mpu_dmp_motion_driver.o
      1318         12          0          0          0       5810   ioi2c.o
       240         30          0          7          0       1340   key.o
        76         12          0          0          0        817   led.o
       132          6          0         48          0     259048   minibalance.o
       220         22          0          0          0       2185   misc.o
       212         10          0          0          0       1130   motor.o
      1920        442          0         52        146      21457   mpu6050.o
      1102         32       2660          0       1024       5231   oled.o
       468         86          0          0          0        776   show.o
        56         22        236          0       1536        944   startup_stm32f10x_md.o
      1102         26          0          0          0      11217   stm32f10x_adc.o
       196          8          0          0          0       3844   stm32f10x_bkp.o
       860         38          0          0          0       6029   stm32f10x_gpio.o
        26          0          0          0          0       1370   stm32f10x_it.o
       204         14          0          0          0       2111   stm32f10x_pwr.o
       932         36          0         20          0       9388   stm32f10x_rcc.o
      3610         88          0          0          0      22512   stm32f10x_tim.o
      1032         22          0          0          0       8752   stm32f10x_usart.o
       712         44          0          0          0       3079   sys.o
       104          4          0          0          0        834   timer.o
       268         24          0          4          0       3362   usart.o
       352         30          0          2          0       1644   usart3.o

    ----------------------------------------------------------------------
     29752       1680       6158        332       2740     425016   Object Totals
         0          0         32          0          0          0   (incl. Generated)
        10          0         10          3          2          0   (incl. Padding)

    ----------------------------------------------------------------------

      Code (inc. data)   RO Data    RW Data    ZI Data      Debug   Library Member Name

        58          0          0          0          0          0   __dczerorl.o
         8          0          0          0          0         68   __main.o
       104          0          0          0          0         84   __printf.o
         0          0          0          0          0          0   __rtentry.o
        12          0          0          0          0          0   __rtentry2.o
         6          0          0          0          0          0   __rtentry4.o
        52          8          0          0          0          0   __scatter.o
        28          0          0          0          0          0   __scatter_zi.o
        48          6          0          0          0         96   _printf_char_common.o
        36          4          0          0          0         80   _printf_char_file.o
         6          0          0          0          0          0   _printf_d.o
       120         16          0          0          0         92   _printf_dec.o
       178          0          0          0          0         88   _printf_intcommon.o
         0          0          0          0          0          0   _printf_percent.o
         4          0          0          0          0          0   _printf_percent_end.o
        22          0          0          0          0        100   _rserrno.o
        16          0          0          0          0         68   aeabi_memset.o
        12          0          0          0          0         72   exit.o
         8          0          0          0          0         68   ferror.o
         6          0          0          0          0        152   heapauxi.o
         2          0          0          0          0          0   libinit.o
         2          0          0          0          0          0   libinit2.o
         2          0          0          0          0          0   libshutdown.o
         2          0          0          0          0          0   libshutdown2.o
         8          4          0          0         96         68   libspace.o
        72          0          0          0          0         76   llsdiv.o
       238          0          0          0          0        100   lludivv7m.o
        88          0          0          0          0         76   memcmp.o
        24          4          0          0          0         84   noretval__2printf.o
         8          4          0          0          0         68   rt_errno_addr_intlibspace.o
        68          0          0          0          0         68   rt_memclr.o
        78          0          0          0          0         80   rt_memclr_w.o
         2          0          0          0          0          0   rtexit.o
        10          0          0          0          0          0   rtexit2.o
        74          0          0          0          0         80   sys_stackheap_outer.o
         2          0          0          0          0         68   use_no_semi.o
         2          0          0          0          0         68   use_no_semi_2.o
        98          4          0          0          0         92   d2f.o
       826         16          0          0          0        348   daddsub_clz.o
        16          4          0          0          0         68   dcheck1.o
        24          0          0          0          0         68   dcmpi.o
       688        140          0          0          0        208   ddiv.o
        94          4          0          0          0         92   dfix.o
        38          0          0          0          0         68   dflt_clz.o
       120          4          0          0          0         92   dleqf.o
       340         12          0          0          0        104   dmul.o
       156          4          0          0          0         92   dnaninf.o
        12          0          0          0          0         68   dretinf.o
       460         56          0          0          0        120   dsqrt_noumaal.o
        86          4          0          0          0         84   f2d.o
       450          8          0          0          0        236   faddsub_clz.o
        24          0          0          0          0         68   fcmpi.o
       388         76          0          0          0         96   fdiv.o
       104          4          0          0          0         84   feqf.o
        54          4          0          0          0         84   ffix.o
        62          4          0          0          0         84   ffixu.o
        86          0          0          0          0        136   fflt_clz.o
       104          4          0          0          0         84   fleqf.o
       258          4          0          0          0         84   fmul.o
       140          4          0          0          0         84   fnaninf.o
        10          0          0          0          0         68   fretinf.o
        98          0          0          0          0         68   frleqf.o
       100          0          0          0          0         68   retnan.o
        92          0          0          0          0         68   scalbn.o
        48          0          0          0          0         68   trapv.o
         0          0          0          0          0          0   usenofp.o
       624         52         80          0          0        168   asin.o
       544         70        152          0          0        124   atan.o
       384         38          0          0          0        144   atan2.o
        38          6          0          0          0        272   dunder.o
        40          0          0          0          0         68   fpclassify.o
       170          0          0          0          0         96   poly.o
         0          0          8          0          0          0   qnan.o
        76          0          0          0          0         84   sqrt.o

    ----------------------------------------------------------------------
      8282        568        240          0         96       5644   Library Totals
        24          0          0          0          0          0   (incl. Padding)

    ----------------------------------------------------------------------

      Code (inc. data)   RO Data    RW Data    ZI Data      Debug   Library Name

      1406         46          0          0         96       1804   c_w.l
      4976        356          0          0          0       2884   fz_ws.l
      1876        166        240          0          0        956   m_ws.l

    ----------------------------------------------------------------------
      8282        568        240          0         96       5644   Library Totals

    ----------------------------------------------------------------------

==============================================================================


      Code (inc. data)   RO Data    RW Data    ZI Data      Debug   

     38034       2248       6398        332       2836     424676   Grand Totals
     38034       2248       6398         84       2836     424676   ELF Image Totals (compressed)
     38034       2248       6398         84          0          0   ROM Totals

==============================================================================

    Total RO  Size (Code + RO Data)                44432 (  43.39kB)
    Total RW  Size (RW Data + ZI Data)              3168 (   3.09kB)
    Total ROM Size (Code + RO Data + RW Data)      44516 (  43.47kB)

==============================================================================

