<html>
<body>
<pre>
<h1>礦ision Build Log</h1>
<h2>Tool Versions:</h2>
IDE-Version: μVision V5.14.0.0
Copyright (C) 2015 ARM Ltd and ARM Germany GmbH. All rights reserved.
License Information: 12 12, 12, LIC=D0DUH-WCS03-I5WTC-7VHPT-UTX5F-ST3IJ
 
Tool Versions:
Toolchain:       MDK-ARM Standard  Version: 5.14.0.0
Toolchain Path:  C:\Keil_v5\ARM\ARMCC\Bin
C Compiler:      Armcc.exe V5.05 update 1 (build 106)
Assembler:       Armasm.exe V5.05 update 1 (build 106)
Linker/Locator:  ArmLink.exe V5.05 update 1 (build 106)
Library Manager: ArmAr.exe V5.05 update 1 (build 106)
Hex Converter:   FromElf.exe V5.05 update 1 (build 106)
CPU DLL:         SARMCM3.DLL V5.14.0.0
Dialog DLL:      DARMSTM.DLL V1.65.0.0
Target DLL:      STLink\ST-LINKIII-KEIL_SWO.dll V2.0.14.0_KEIL
Dialog DLL:      TARMSTM.DLL V1.64.0.0
 
<h2>Project:</h2>
C:\Users\zhua\Desktop\啊猪详细电机控制WHEELTEC\平衡小车-直流电机版\stm32平衡车资料，先解压这个2020-12-16\stm32平衡车资料\平衡小车-个人修改版(配小板，下载这个)\stm32蓝牙遥控平衡车-库函数版\USER\Minibalance.uvprojx
Project File Date:  06/03/2021

<h2>Output:</h2>
Build target 'Target 1'
compiling Minibalance.c...
linking...
Program Size: Code=38034 RO-data=6398 RW-data=332 ZI-data=2836  
FromELF: creating hex file...
"..\OBJ\Minibalance.axf" - 0 Error(s), 0 Warning(s).

<h2>Software Packages used:</h2>

Package Vendor: ARM
                http://www.keil.com/pack/ARM.CMSIS.4.5.0.pack
                ARM::CMSIS:CORE:4.3.0
                CMSIS (Cortex Microcontroller Software Interface Standard)
   * Component: CORE Version: 4.3.0

<h2>Collection of Component include folders:</h2>
  C:\Users\zhua\Desktop\啊猪详细电机控制WHEELTEC\平衡小车-直流电机版\stm32平衡车资料，先解压这个2020-12-16\stm32平衡车资料\平衡小车-个人修改版(配小板，下载这个)\stm32蓝牙遥控平衡车-库函数版\USER\RTE
  C:\Keil_v5\ARM\PACK\ARM\CMSIS\4.5.0\CMSIS\Include
  C:\Keil_v5\ARM\PACK\Keil\STM32F1xx_DFP\2.2.0

<h2>Collection of Component Files used:</h2>

   * Component: ARM::CMSIS:CORE:4.3.0
</pre>
</body>
</html>
